<html>
<body>
<pre>
<h1>µVision Build Log</h1>
<h2>Tool Versions:</h2>
IDE-Version: ¶ÃVision V5.25.2.0
Copyright (C) 2018 ARM Ltd and ARM Germany GmbH. All rights reserved.
License Information: qin qin, qin, LIC=JL201-C4NM4-KN3AC-7E07Y-11VVG-4EP76
 
Tool Versions:
Toolchain:       MDK-ARM Plus  Version: 5.25.2.0
Toolchain Path:  C:\Keil_v5\ARM\ARMCC\Bin
C Compiler:      Armcc.exe V5.06 update 6 (build 750)
Assembler:       Armasm.exe V5.06 update 6 (build 750)
Linker/Locator:  ArmLink.exe V5.06 update 6 (build 750)
Library Manager: ArmAr.exe V5.06 update 6 (build 750)
Hex Converter:   FromElf.exe V5.06 update 6 (build 750)
CPU DLL:         SARMCM3.DLL V5.25.2.0
Dialog DLL:      DCM.DLL V1.17.1.0
Target DLL:      STLink\ST-LINKIII-KEIL_SWO.dll V3.0.1.0
Dialog DLL:      TCM.DLL V1.35.1.0
 
<h2>Project:</h2>
G:\Task\«∂»Î Ω\src\input\Project\RVMDK£®uv5£©\BH-F103.uvprojx
Project File Date:  06/05/2019

<h2>Output:</h2>
*** Using Compiler 'V5.06 update 6 (build 750)', folder: 'C:\Keil_v5\ARM\ARMCC\Bin'
Build target 'LCD'
compiling bsp_key.c...
..\..\User\code\code.h(10852): warning:  #1-D: last line of file ends without a newline
  #endif //INPUT_CODE_H
..\..\User\Key\bsp_key.h(26): warning:  #1295-D: Deprecated declaration showCursor - give arg types
  void showCursor();
..\..\User\Key\bsp_key.c(50): warning:  #177-D: variable "WriteVal"  was declared but never referenced
      u16 WriteVal = 0;//???PA??????????????????
..\..\User\Key\bsp_key.c(138): warning:  #177-D: variable "WriteVal"  was declared but never referenced
      u16 WriteVal = 0;//???PA??????????????????
..\..\User\Key\bsp_key.c(236): warning:  #181-D: argument is incompatible with corresponding format string conversion
              printf("pBuffer 0=%#llX\n\n", pBuffer);
..\..\User\Key\bsp_key.c(237): warning:  #181-D: argument is incompatible with corresponding format string conversion
              printf("pBuffer_start 0=%#llX\n\n", pBuffer_start);
..\..\User\Key\bsp_key.c(277): warning:  #181-D: argument is incompatible with corresponding format string conversion
              printf("pBuffer_start 0x%x\n", *pBuffer_start);
..\..\User\Key\bsp_key.c(286): warning:  #181-D: argument is incompatible with corresponding format string conversion
  			printf("pBuffer_start 0x%x\n", *pBuffer_start);
..\..\User\Key\bsp_key.c(339): warning:  #1-D: last line of file ends without a newline
  }
..\..\User\Key\bsp_key.c: 9 warnings, 0 errors
linking...
Program Size: Code=30876 RO-data=191916 RW-data=200 ZI-data=36104  
FromELF: creating hex file...
"..\..\Output\Template.axf" - 0 Error(s), 9 Warning(s).

<h2>Software Packages used:</h2>

Package Vendor: Keil
                http://www.keil.com/pack/Keil.STM32F1xx_DFP.2.0.0.pack
                Keil.STM32F1xx_DFP.2.0.0
                STMicroelectronics STM32F1 Series Device Support, Drivers and Examples

<h2>Collection of Component include folders:</h2>
  .\RTE\_LCD
  C:\Keil_v5\ARM\PACK\Keil\STM32F1xx_DFP\2.0.0\Device\Include

<h2>Collection of Component Files used:</h2>
Build Time Elapsed:  00:00:04
</pre>
</body>
</html>
