Component: ARM Compiler 5.06 update 6 (build 750) Tool: armlink [4d35ed]

==============================================================================

Section Cross References

    startup_stm32f10x_hd.o(RESET) refers to startup_stm32f10x_hd.o(STACK) for __initial_sp
    startup_stm32f10x_hd.o(RESET) refers to startup_stm32f10x_hd.o(.text) for Reset_Handler
    startup_stm32f10x_hd.o(RESET) refers to stm32f10x_it.o(.text) for NMI_Handler
    startup_stm32f10x_hd.o(.text) refers to system_stm32f10x.o(.text) for SystemInit
    startup_stm32f10x_hd.o(.text) refers to entry.o(.ARM.Collect$$$$00000000) for __main
    system_stm32f10x.o(.text) refers to system_stm32f10x.o(.data) for SystemCoreClock
    stm32f10x_adc.o(.text) refers to stm32f10x_rcc.o(.text) for RCC_APB2PeriphResetCmd
    stm32f10x_bkp.o(.text) refers to stm32f10x_rcc.o(.text) for RCC_BackupResetCmd
    stm32f10x_can.o(.text) refers to stm32f10x_rcc.o(.text) for RCC_APB1PeriphResetCmd
    stm32f10x_cec.o(.text) refers to stm32f10x_rcc.o(.text) for RCC_APB1PeriphResetCmd
    stm32f10x_dac.o(.text) refers to stm32f10x_rcc.o(.text) for RCC_APB1PeriphResetCmd
    stm32f10x_gpio.o(.text) refers to stm32f10x_rcc.o(.text) for RCC_APB2PeriphResetCmd
    stm32f10x_i2c.o(.text) refers to stm32f10x_rcc.o(.text) for RCC_APB1PeriphResetCmd
    stm32f10x_pwr.o(.text) refers to stm32f10x_rcc.o(.text) for RCC_APB1PeriphResetCmd
    stm32f10x_rcc.o(.text) refers to stm32f10x_rcc.o(.data) for APBAHBPrescTable
    stm32f10x_spi.o(.text) refers to stm32f10x_rcc.o(.text) for RCC_APB2PeriphResetCmd
    stm32f10x_tim.o(.text) refers to stm32f10x_rcc.o(.text) for RCC_APB2PeriphResetCmd
    stm32f10x_usart.o(.text) refers to stm32f10x_rcc.o(.text) for RCC_APB2PeriphResetCmd
    stm32f10x_wwdg.o(.text) refers to stm32f10x_rcc.o(.text) for RCC_APB1PeriphResetCmd
    main.o(.text) refers to malloc.o(i.malloc) for malloc
    main.o(.text) refers to bsp_ili9341_lcd.o(.text) for ILI9341_Init
    main.o(.text) refers to bsp_usart.o(.text) for USART_Config
    main.o(.text) refers to bsp_key.o(.text) for KEY_Init
    main.o(.text) refers to printf5.o(i.__0printf$5) for __2printf
    main.o(.text) refers to main.o(.data) for pBuffer
    main.o(.text) refers to fonts.o(.data) for Font8x16
    main.o(.text) refers to bsp_ili9341_lcd.o(.data) for LCD_Y_LENGTH
    stm32f10x_it.o(.text) refers to stm32f10x_exti.o(.text) for EXTI_GetITStatus
    stm32f10x_it.o(.text) refers to printf5.o(i.__0printf$5) for __2printf
    stm32f10x_it.o(.text) refers to bsp_ili9341_lcd.o(.text) for ILI9341_DisplayStringEx
    stm32f10x_it.o(.text) refers to stm32f10x_it.o(.data) for count
    bsp_led.o(.text) refers to stm32f10x_rcc.o(.text) for RCC_APB2PeriphClockCmd
    bsp_led.o(.text) refers to stm32f10x_gpio.o(.text) for GPIO_Init
    bsp_usart.o(.text) refers to stm32f10x_rcc.o(.text) for RCC_APB2PeriphClockCmd
    bsp_usart.o(.text) refers to stm32f10x_gpio.o(.text) for GPIO_Init
    bsp_usart.o(.text) refers to stm32f10x_usart.o(.text) for USART_Init
    bsp_ili9341_lcd.o(.text) refers to stm32f10x_rcc.o(.text) for RCC_APB2PeriphClockCmd
    bsp_ili9341_lcd.o(.text) refers to stm32f10x_gpio.o(.text) for GPIO_PinRemapConfig
    bsp_ili9341_lcd.o(.text) refers to bsp_ili9341_lcd.o(i.ILI9341_Write_Cmd) for ILI9341_Write_Cmd
    bsp_ili9341_lcd.o(.text) refers to bsp_ili9341_lcd.o(i.ILI9341_Write_Data) for ILI9341_Write_Data
    bsp_ili9341_lcd.o(.text) refers to bsp_ili9341_lcd.o(.data) for LCD_SCAN_MODE
    bsp_ili9341_lcd.o(.text) refers to bsp_ili9341_lcd.o(i.ILI9341_Read_Data) for ILI9341_Read_Data
    bsp_ili9341_lcd.o(.text) refers to fonts.o(.text) for GetUTF8Code_from_sd
    bsp_ili9341_lcd.o(.text) refers to printf5.o(i.__0printf$5) for __2printf
    bsp_ili9341_lcd.o(.text) refers to bsp_ili9341_lcd.o(.bss) for zoomTempBuff
    bsp_ili9341_lcd.o(.text) refers to fonts.o(.data) for Font16x24
    bsp_ili9341_lcd.o(.data) refers to fonts.o(.data) for Font8x16
    fonts.o(.text) refers to printf5.o(i.__0printf$5) for __2printf
    fonts.o(.text) refers to ff.o(.text) for f_mount
    fonts.o(.text) refers to fonts.o(.data) for everRead
    fonts.o(.text) refers to fonts.o(.bss) for fs
    fonts.o(.data) refers to fonts.o(.constdata) for ASCII8x16_Table
    bsp_spi_flash.o(.text) refers to stm32f10x_rcc.o(.text) for RCC_APB2PeriphClockCmd
    bsp_spi_flash.o(.text) refers to stm32f10x_gpio.o(.text) for GPIO_Init
    bsp_spi_flash.o(.text) refers to stm32f10x_spi.o(.text) for SPI_Init
    bsp_spi_flash.o(.text) refers to printf5.o(i.__0printf$5) for __2printf
    bsp_spi_flash.o(.text) refers to bsp_spi_flash.o(.data) for SPITimeout
    bsp_spi_sdcard.o(.text) refers to stm32f10x_spi.o(.text) for SPI_Cmd
    bsp_spi_sdcard.o(.text) refers to stm32f10x_rcc.o(.text) for RCC_APB1PeriphClockCmd
    bsp_spi_sdcard.o(.text) refers to stm32f10x_gpio.o(.text) for GPIO_Init
    bsp_spi_sdcard.o(.text) refers to bsp_spi_sdcard.o(.data) for SD_Type
[...]
    printf0.o(i.__0vsprintf$0) refers to printf0.o(i._sputc) for _sputc
    printf1.o(i.__0fprintf$1) refers to printf1.o(i._printf_core) for _printf_core
    printf1.o(i.__0fprintf$1) refers to bsp_usart.o(.text) for fputc
    printf1.o(i.__0printf$1) refers to printf1.o(i._printf_core) for _printf_core
    printf1.o(i.__0printf$1) refers to bsp_usart.o(.text) for fputc
    printf1.o(i.__0printf$1) refers to stdout.o(.data) for __stdout
    printf1.o(i.__0snprintf$1) refers to printf1.o(i._printf_core) for _printf_core
    printf1.o(i.__0snprintf$1) refers to printf1.o(i._snputc) for _snputc
    printf1.o(i.__0sprintf$1) refers to printf1.o(i._printf_core) for _printf_core
    printf1.o(i.__0sprintf$1) refers to printf1.o(i._sputc) for _sputc
    printf1.o(i.__0vfprintf$1) refers to printf1.o(i._printf_core) for _printf_core
    printf1.o(i.__0vfprintf$1) refers to bsp_usart.o(.text) for fputc
    printf1.o(i.__0vprintf$1) refers to printf1.o(i._printf_core) for _printf_core
    printf1.o(i.__0vprintf$1) refers to bsp_usart.o(.text) for fputc
    printf1.o(i.__0vprintf$1) refers to stdout.o(.data) for __stdout
    printf1.o(i.__0vsnprintf$1) refers to printf1.o(i._printf_core) for _printf_core
    printf1.o(i.__0vsnprintf$1) refers to printf1.o(i._snputc) for _snputc
    printf1.o(i.__0vsprintf$1) refers to printf1.o(i._printf_core) for _printf_core
    printf1.o(i.__0vsprintf$1) refers to printf1.o(i._sputc) for _sputc
    printf1.o(i._printf_core) refers to uidiv.o(.text) for __aeabi_uidivmod
    printf2.o(i.__0fprintf$2) refers to printf2.o(i._printf_core) for _printf_core
    printf2.o(i.__0fprintf$2) refers to bsp_usart.o(.text) for fputc
    printf2.o(i.__0printf$2) refers to printf2.o(i._printf_core) for _printf_core
    printf2.o(i.__0printf$2) refers to bsp_usart.o(.text) for fputc
    printf2.o(i.__0printf$2) refers to stdout.o(.data) for __stdout
    printf2.o(i.__0snprintf$2) refers to printf2.o(i._printf_core) for _printf_core
    printf2.o(i.__0snprintf$2) refers to printf2.o(i._snputc) for _snputc
    printf2.o(i.__0sprintf$2) refers to printf2.o(i._printf_core) for _printf_core
    printf2.o(i.__0sprintf$2) refers to printf2.o(i._sputc) for _sputc
    printf2.o(i.__0vfprintf$2) refers to printf2.o(i._printf_core) for _printf_core
    printf2.o(i.__0vfprintf$2) refers to bsp_usart.o(.text) for fputc
    printf2.o(i.__0vprintf$2) refers to printf2.o(i._printf_core) for _printf_core
    printf2.o(i.__0vprintf$2) refers to bsp_usart.o(.text) for fputc
    printf2.o(i.__0vprintf$2) refers to stdout.o(.data) for __stdout
    printf2.o(i.__0vsnprintf$2) refers to printf2.o(i._printf_core) for _printf_core
    printf2.o(i.__0vsnprintf$2) refers to printf2.o(i._snputc) for _snputc
    printf2.o(i.__0vsprintf$2) refers to printf2.o(i._printf_core) for _printf_core
    printf2.o(i.__0vsprintf$2) refers to printf2.o(i._sputc) for _sputc
    printf3.o(i.__0fprintf$3) refers to printf3.o(i._printf_core) for _printf_core
    printf3.o(i.__0fprintf$3) refers to bsp_usart.o(.text) for fputc
    printf3.o(i.__0printf$3) refers to printf3.o(i._printf_core) for _printf_core
    printf3.o(i.__0printf$3) refers to bsp_usart.o(.text) for fputc
    printf3.o(i.__0printf$3) refers to stdout.o(.data) for __stdout
    printf3.o(i.__0snprintf$3) refers to printf3.o(i._printf_core) for _printf_core
    printf3.o(i.__0snprintf$3) refers to printf3.o(i._snputc) for _snputc
    printf3.o(i.__0sprintf$3) refers to printf3.o(i._printf_core) for _printf_core
    printf3.o(i.__0sprintf$3) refers to printf3.o(i._sputc) for _sputc
    printf3.o(i.__0vfprintf$3) refers to printf3.o(i._printf_core) for _printf_core
    printf3.o(i.__0vfprintf$3) refers to bsp_usart.o(.text) for fputc
    printf3.o(i.__0vprintf$3) refers to printf3.o(i._printf_core) for _printf_core
    printf3.o(i.__0vprintf$3) refers to bsp_usart.o(.text) for fputc
    printf3.o(i.__0vprintf$3) refers to stdout.o(.data) for __stdout
    printf3.o(i.__0vsnprintf$3) refers to printf3.o(i._printf_core) for _printf_core
    printf3.o(i.__0vsnprintf$3) refers to printf3.o(i._snputc) for _snputc
    printf3.o(i.__0vsprintf$3) refers to printf3.o(i._printf_core) for _printf_core
    printf3.o(i.__0vsprintf$3) refers to printf3.o(i._sputc) for _sputc
    printf3.o(i._printf_core) refers to uidiv.o(.text) for __aeabi_uidivmod
    printf4.o(i.__0fprintf$4) refers to printf4.o(i._printf_core) for _printf_core
    printf4.o(i.__0fprintf$4) refers to bsp_usart.o(.text) for fputc
    printf4.o(i.__0printf$4) refers to printf4.o(i._printf_core) for _printf_core
    printf4.o(i.__0printf$4) refers to bsp_usart.o(.text) for fputc
    printf4.o(i.__0printf$4) refers to stdout.o(.data) for __stdout
    printf4.o(i.__0snprintf$4) refers to printf4.o(i._printf_core) for _printf_core
    printf4.o(i.__0snprintf$4) refers to printf4.o(i._snputc) for _snputc
    printf4.o(i.__0sprintf$4) refers to printf4.o(i._printf_core) for _printf_core
    printf4.o(i.__0sprintf$4) refers to printf4.o(i._sputc) for _sputc
    printf4.o(i.__0vfprintf$4) refers to printf4.o(i._printf_core) for _printf_core
    printf4.o(i.__0vfprintf$4) refers to bsp_usart.o(.text) for fputc
    printf4.o(i.__0vprintf$4) refers to printf4.o(i._printf_core) for _printf_core
    printf4.o(i.__0vprintf$4) refers to bsp_usart.o(.text) for fputc
    printf4.o(i.__0vprintf$4) refers to stdout.o(.data) for __stdout
    printf4.o(i.__0vsnprintf$4) refers to printf4.o(i._printf_core) for _printf_core
    printf4.o(i.__0vsnprintf$4) refers to printf4.o(i._snputc) for _snputc
    printf4.o(i.__0vsprintf$4) refers to printf4.o(i._printf_core) for _printf_core
    printf4.o(i.__0vsprintf$4) refers to printf4.o(i._sputc) for _sputc
    printf4.o(i._printf_core) refers to uldiv.o(.text) for __aeabi_uldivmod
    printf5.o(i.__0fprintf$5) refers to printf5.o(i._printf_core) for _printf_core
    printf5.o(i.__0fprintf$5) refers to bsp_usart.o(.text) for fputc
    printf5.o(i.__0printf$5) refers to printf5.o(i._printf_core) for _printf_core
    printf5.o(i.__0printf$5) refers to bsp_usart.o(.text) for fputc
    printf5.o(i.__0printf$5) refers to stdout.o(.data) for __stdout
    printf5.o(i.__0snprintf$5) refers to printf5.o(i._printf_core) for _printf_core
    printf5.o(i.__0snprintf$5) refers to printf5.o(i._snputc) for _snputc
    printf5.o(i.__0sprintf$5) refers to printf5.o(i._printf_core) for _printf_core
    printf5.o(i.__0sprintf$5) refers to printf5.o(i._sputc) for _sputc
    printf5.o(i.__0vfprintf$5) refers to printf5.o(i._printf_core) for _printf_core
    printf5.o(i.__0vfprintf$5) refers to bsp_usart.o(.text) for fputc
    printf5.o(i.__0vprintf$5) refers to printf5.o(i._printf_core) for _printf_core
    printf5.o(i.__0vprintf$5) refers to bsp_usart.o(.text) for fputc
    printf5.o(i.__0vprintf$5) refers to stdout.o(.data) for __stdout
    printf5.o(i.__0vsnprintf$5) refers to printf5.o(i._printf_core) for _printf_core
    printf5.o(i.__0vsnprintf$5) refers to printf5.o(i._snputc) for _snputc
    printf5.o(i.__0vsprintf$5) refers to printf5.o(i._printf_core) for _printf_core
    printf5.o(i.__0vsprintf$5) refers to printf5.o(i._sputc) for _sputc
    printf5.o(i._printf_core) refers to uldiv.o(.text) for __aeabi_uldivmod
    printf6.o(i.__0fprintf$6) refers to printf6.o(i._printf_core) for _printf_core
    printf6.o(i.__0fprintf$6) refers to bsp_usart.o(.text) for fputc
    printf6.o(i.__0printf$6) refers to printf6.o(i._printf_core) for _printf_core
    printf6.o(i.__0printf$6) refers to bsp_usart.o(.text) for fputc
    printf6.o(i.__0printf$6) refers to stdout.o(.data) for __stdout
    printf6.o(i.__0snprintf$6) refers to printf6.o(i._printf_core) for _printf_core
    printf6.o(i.__0snprintf$6) refers to printf6.o(i._snputc) for _snputc
    printf6.o(i.__0sprintf$6) refers to printf6.o(i._printf_core) for _printf_core
    printf6.o(i.__0sprintf$6) refers to printf6.o(i._sputc) for _sputc
    printf6.o(i.__0vfprintf$6) refers to printf6.o(i._printf_core) for _printf_core
    printf6.o(i.__0vfprintf$6) refers to bsp_usart.o(.text) for fputc
    printf6.o(i.__0vprintf$6) refers to printf6.o(i._printf_core) for _printf_core
    printf6.o(i.__0vprintf$6) refers to bsp_usart.o(.text) for fputc
    printf6.o(i.__0vprintf$6) refers to stdout.o(.data) for __stdout
    printf6.o(i.__0vsnprintf$6) refers to printf6.o(i._printf_core) for _printf_core
    printf6.o(i.__0vsnprintf$6) refers to printf6.o(i._snputc) for _snputc
    printf6.o(i.__0vsprintf$6) refers to printf6.o(i._printf_core) for _printf_core
    printf6.o(i.__0vsprintf$6) refers to printf6.o(i._sputc) for _sputc
    printf6.o(i._printf_core) refers to printf6.o(i._printf_pre_padding) for _printf_pre_padding
    printf6.o(i._printf_core) refers to uidiv.o(.text) for __aeabi_uidivmod
    printf6.o(i._printf_core) refers to printf6.o(i._printf_post_padding) for _printf_post_padding
    printf7.o(i.__0fprintf$7) refers to printf7.o(i._printf_core) for _printf_core
    printf7.o(i.__0fprintf$7) refers to bsp_usart.o(.text) for fputc
    printf7.o(i.__0printf$7) refers to printf7.o(i._printf_core) for _printf_core
    printf7.o(i.__0printf$7) refers to bsp_usart.o(.text) for fputc
    printf7.o(i.__0printf$7) refers to stdout.o(.data) for __stdout
    printf7.o(i.__0snprintf$7) refers to printf7.o(i._printf_core) for _printf_core
    printf7.o(i.__0snprintf$7) refers to printf7.o(i._snputc) for _snputc
    printf7.o(i.__0sprintf$7) refers to printf7.o(i._printf_core) for _printf_core
    printf7.o(i.__0sprintf$7) refers to printf7.o(i._sputc) for _sputc
    printf7.o(i.__0vfprintf$7) refers to printf7.o(i._printf_core) for _printf_core
    printf7.o(i.__0vfprintf$7) refers to bsp_usart.o(.text) for fputc
    printf7.o(i.__0vprintf$7) refers to printf7.o(i._printf_core) for _printf_core
    printf7.o(i.__0vprintf$7) refers to bsp_usart.o(.text) for fputc
    printf7.o(i.__0vprintf$7) refers to stdout.o(.data) for __stdout
    printf7.o(i.__0vsnprintf$7) refers to printf7.o(i._printf_core) for _printf_core
    printf7.o(i.__0vsnprintf$7) refers to printf7.o(i._snputc) for _snputc
    printf7.o(i.__0vsprintf$7) refers to printf7.o(i._printf_core) for _printf_core
    printf7.o(i.__0vsprintf$7) refers to printf7.o(i._sputc) for _sputc
    printf7.o(i._printf_core) refers to printf7.o(i._printf_pre_padding) for _printf_pre_padding
    printf7.o(i._printf_core) refers to uldiv.o(.text) for __aeabi_uldivmod
    printf7.o(i._printf_core) refers to printf7.o(i._printf_post_padding) for _printf_post_padding
    printf8.o(i.__0fprintf$8) refers to printf8.o(i._printf_core) for _printf_core
    printf8.o(i.__0fprintf$8) refers to bsp_usart.o(.text) for fputc
    printf8.o(i.__0printf$8) refers to printf8.o(i._printf_core) for _printf_core
    printf8.o(i.__0printf$8) refers to bsp_usart.o(.text) for fputc
    printf8.o(i.__0printf$8) refers to stdout.o(.data) for __stdout
    printf8.o(i.__0snprintf$8) refers to printf8.o(i._printf_core) for _printf_core
    printf8.o(i.__0snprintf$8) refers to printf8.o(i._snputc) for _snputc
    printf8.o(i.__0sprintf$8) refers to printf8.o(i._printf_core) for _printf_core
    printf8.o(i.__0sprintf$8) refers to printf8.o(i._sputc) for _sputc
    printf8.o(i.__0vfprintf$8) refers to printf8.o(i._printf_core) for _printf_core
    printf8.o(i.__0vfprintf$8) refers to bsp_usart.o(.text) for fputc
    printf8.o(i.__0vprintf$8) refers to printf8.o(i._printf_core) for _printf_core
    printf8.o(i.__0vprintf$8) refers to bsp_usart.o(.text) for fputc
    printf8.o(i.__0vprintf$8) refers to stdout.o(.data) for __stdout
    printf8.o(i.__0vsnprintf$8) refers to printf8.o(i._printf_core) for _printf_core
    printf8.o(i.__0vsnprintf$8) refers to printf8.o(i._snputc) for _snputc
    printf8.o(i.__0vsprintf$8) refers to printf8.o(i._printf_core) for _printf_core
    printf8.o(i.__0vsprintf$8) refers to printf8.o(i._sputc) for _sputc
    printf8.o(i._printf_core) refers to printf8.o(i._printf_pre_padding) for _printf_pre_padding
    printf8.o(i._printf_core) refers to uldiv.o(.text) for __aeabi_uldivmod
    printf8.o(i._printf_core) refers to printf8.o(i._printf_post_padding) for _printf_post_padding
    printfa.o(i.__0fprintf) refers (Special) to iusefp.o(.text) for __I$use$fp
    printfa.o(i.__0fprintf) refers to printfa.o(i._printf_core) for _printf_core
    printfa.o(i.__0fprintf) refers to bsp_usart.o(.text) for fputc
    printfa.o(i.__0printf) refers (Special) to iusefp.o(.text) for __I$use$fp
    printfa.o(i.__0printf) refers to printfa.o(i._printf_core) for _printf_core
    printfa.o(i.__0printf) refers to bsp_usart.o(.text) for fputc
    printfa.o(i.__0printf) refers to stdout.o(.data) for __stdout
    printfa.o(i.__0snprintf) refers (Special) to iusefp.o(.text) for __I$use$fp
    printfa.o(i.__0snprintf) refers to printfa.o(i._printf_core) for _printf_core
    printfa.o(i.__0snprintf) refers to printfa.o(i._snputc) for _snputc
    printfa.o(i.__0sprintf) refers (Special) to iusefp.o(.text) for __I$use$fp
    printfa.o(i.__0sprintf) refers to printfa.o(i._printf_core) for _printf_core
    printfa.o(i.__0sprintf) refers to printfa.o(i._sputc) for _sputc
    printfa.o(i.__0vfprintf) refers (Special) to iusefp.o(.text) for __I$use$fp
    printfa.o(i.__0vfprintf) refers to printfa.o(i._printf_core) for _printf_core
    printfa.o(i.__0vfprintf) refers to bsp_usart.o(.text) for fputc
    printfa.o(i.__0vprintf) refers (Special) to iusefp.o(.text) for __I$use$fp
    printfa.o(i.__0vprintf) refers to printfa.o(i._printf_core) for _printf_core
    printfa.o(i.__0vprintf) refers to bsp_usart.o(.text) for fputc
    printfa.o(i.__0vprintf) refers to stdout.o(.data) for __stdout
    printfa.o(i.__0vsnprintf) refers (Special) to iusefp.o(.text) for __I$use$fp
    printfa.o(i.__0vsnprintf) refers to printfa.o(i._printf_core) for _printf_core
    printfa.o(i.__0vsnprintf) refers to printfa.o(i._snputc) for _snputc
    printfa.o(i.__0vsprintf) refers (Special) to iusefp.o(.text) for __I$use$fp
    printfa.o(i.__0vsprintf) refers to printfa.o(i._printf_core) for _printf_core
    printfa.o(i.__0vsprintf) refers to printfa.o(i._sputc) for _sputc
    printfa.o(i._fp_digits) refers (Special) to iusefp.o(.text) for __I$use$fp
    printfa.o(i._fp_digits) refers to dmul.o(.text) for __aeabi_dmul
    printfa.o(i._fp_digits) refers to ddiv.o(.text) for __aeabi_ddiv
    printfa.o(i._fp_digits) refers to cdrcmple.o(.text) for __aeabi_cdrcmple
    printfa.o(i._fp_digits) refers to dadd.o(.text) for __aeabi_dadd
    printfa.o(i._fp_digits) refers to dfixul.o(.text) for __aeabi_d2ulz
    printfa.o(i._fp_digits) refers to uldiv.o(.text) for __aeabi_uldivmod
    printfa.o(i._printf_core) refers (Special) to iusefp.o(.text) for __I$use$fp
    printfa.o(i._printf_core) refers to printfa.o(i._printf_pre_padding) for _printf_pre_padding
    printfa.o(i._printf_core) refers to uldiv.o(.text) for __aeabi_uldivmod
    printfa.o(i._printf_core) refers to printfa.o(i._printf_post_padding) for _printf_post_padding
    printfa.o(i._printf_core) refers to printfa.o(i._fp_digits) for _fp_digits
    printfa.o(i._printf_core) refers to uidiv.o(.text) for __aeabi_uidivmod
    printfa.o(i._printf_post_padding) refers (Special) to iusefp.o(.text) for __I$use$fp
    printfa.o(i._printf_pre_padding) refers (Special) to iusefp.o(.text) for __I$use$fp
    printfa.o(i._snputc) refers (Special) to iusefp.o(.text) for __I$use$fp
    printfa.o(i._sputc) refers (Special) to iusefp.o(.text) for __I$use$fp
    malloc.o(i.free) refers to mvars.o(.data) for __microlib_freelist
    malloc.o(i.malloc) refers to mvars.o(.data) for __microlib_freelist_initialised
    malloc.o(i.malloc) refers to mvars.o(.data) for __microlib_freelist
    malloc.o(i.malloc) refers to startup_stm32f10x_hd.o(HEAP) for __heap_base
    mallocr.o(i.__free$realloc) refers to mvars.o(.data) for __microlib_freelist
    mallocr.o(i.__malloc$realloc) refers to mallocr.o(i.internal_alloc) for internal_alloc
    mallocr.o(i.__malloc$realloc) refers to mvars.o(.data) for __microlib_freelist_initialised
    mallocr.o(i.__malloc$realloc) refers to startup_stm32f10x_hd.o(HEAP) for __heap_base
    mallocr.o(i.__malloc$realloc) refers to mvars.o(.data) for __microlib_freelist
    mallocr.o(i.internal_alloc) refers to memcpya.o(.text) for __aeabi_memcpy
    mallocr.o(i.internal_alloc) refers to mvars.o(.data) for __microlib_freelist
    mallocr.o(i.realloc) refers to mallocr.o(i.__free$realloc) for __free$realloc
    mallocr.o(i.realloc) refers to mallocr.o(i.internal_alloc) for internal_alloc
    mallocr.o(i.realloc) refers to mallocr.o(i.__malloc$realloc) for __malloc$realloc
    mallocr.o(i.realloc) refers to mvars.o(.data) for __microlib_freelist
    malloca.o(i.__aligned_malloc) refers to mvars.o(.data) for __microlib_freelist_initialised
    malloca.o(i.__aligned_malloc) refers to mvars.o(.data) for __microlib_freelist
    malloca.o(i.__aligned_malloc) refers to startup_stm32f10x_hd.o(HEAP) for __heap_base
    malloca.o(i.__free$memalign) refers to mvars.o(.data) for __microlib_freelist
    malloca.o(i.__malloc$memalign) refers to malloca.o(i.__aligned_malloc) for __aligned_malloc
    mallocra.o(i.__aligned_malloc$realloc) refers to mallocra.o(i.internal_alloc) for internal_alloc
    mallocra.o(i.__aligned_malloc$realloc) refers to mvars.o(.data) for __microlib_freelist_initialised
    mallocra.o(i.__aligned_malloc$realloc) refers to startup_stm32f10x_hd.o(HEAP) for __heap_base
    mallocra.o(i.__aligned_malloc$realloc) refers to mvars.o(.data) for __microlib_freelist
    mallocra.o(i.__free$realloc$memalign) refers to mvars.o(.data) for __microlib_freelist
    mallocra.o(i.__malloc$realloc$memalign) refers to mallocra.o(i.__aligned_malloc$realloc) for __aligned_malloc$realloc
    mallocra.o(i.__realloc$memalign) refers to mallocra.o(i.__free$realloc$memalign) for __free$realloc$memalign
    mallocra.o(i.__realloc$memalign) refers to mallocra.o(i.internal_alloc) for internal_alloc
    mallocra.o(i.__realloc$memalign) refers to mallocra.o(i.__malloc$realloc$memalign) for __malloc$realloc$memalign
    mallocra.o(i.__realloc$memalign) refers to mvars.o(.data) for __microlib_freelist
    mallocra.o(i.internal_alloc) refers to memcpya.o(.text) for __aeabi_memcpy
    mallocra.o(i.internal_alloc) refers to mvars.o(.data) for __microlib_freelist
    entry2.o(.ARM.Collect$$$$00000001) refers to entry2.o(.ARM.Collect$$$$00002712) for __lit__00000000
    entry2.o(.ARM.Collect$$$$00002712) refers to startup_stm32f10x_hd.o(STACK) for __initial_sp
    entry2.o(__vectab_stack_and_reset_area) refers to startup_stm32f10x_hd.o(STACK) for __initial_sp
    entry2.o(__vectab_stack_and_reset_area) refers to entry.o(.ARM.Collect$$$$00000000) for __main
    entry5.o(.ARM.Collect$$$$00000004) refers to init.o(.text) for __scatterload
    entry9a.o(.ARM.Collect$$$$0000000B) refers to main.o(.text) for main
    entry9b.o(.ARM.Collect$$$$0000000C) refers to main.o(.text) for main
    dadd.o(.text) refers to llshl.o(.text) for __aeabi_llsl
    dadd.o(.text) refers to llsshr.o(.text) for __aeabi_lasr
    dadd.o(.text) refers to depilogue.o(.text) for _double_epilogue
    dmul.o(.text) refers to depilogue.o(.text) for _double_epilogue
    ddiv.o(.text) refers to depilogue.o(.text) for _double_round
    dfixul.o(.text) refers to llushr.o(.text) for __aeabi_llsr
    dfixul.o(.text) refers to llshl.o(.text) for __aeabi_llsl
    init.o(.text) refers to entry5.o(.ARM.Collect$$$$00000004) for __main_after_scatterload
    depilogue.o(.text) refers to llshl.o(.text) for __aeabi_llsl
    depilogue.o(.text) refers to llushr.o(.text) for __aeabi_llsr


==============================================================================

Removing Unused input sections from the image.

    Removing core_cm3.o(.emb_text), (32 bytes).
    Removing misc.o(.text), (220 bytes).
    Removing stm32f10x_adc.o(.text), (1102 bytes).
    Removing stm32f10x_bkp.o(.text), (196 bytes).
    Removing stm32f10x_can.o(.text), (2544 bytes).
    Removing stm32f10x_cec.o(.text), (288 bytes).
    Removing stm32f10x_crc.o(.text), (72 bytes).
    Removing stm32f10x_dac.o(.text), (396 bytes).
    Removing stm32f10x_dbgmcu.o(.text), (48 bytes).
    Removing stm32f10x_dma.o(.text), (596 bytes).
    Removing stm32f10x_flash.o(.text), (1468 bytes).
    Removing stm32f10x_fsmc.o(.text), (1548 bytes).
    Removing stm32f10x_i2c.o(.text), (1028 bytes).
    Removing stm32f10x_iwdg.o(.text), (64 bytes).
    Removing stm32f10x_pwr.o(.text), (204 bytes).
    Removing stm32f10x_rtc.o(.text), (328 bytes).
    Removing stm32f10x_sdio.o(.text), (468 bytes).
    Removing stm32f10x_tim.o(.text), (3610 bytes).
    Removing stm32f10x_wwdg.o(.text), (136 bytes).
    Removing bsp_led.o(.text), (100 bytes).
    Removing bsp_spi_flash.o(.text), (1404 bytes).
    Removing bsp_spi_flash.o(.data), (4 bytes).
    Removing bsp_exti.o(.text), (380 bytes).
    Removing dadd.o(.text), (334 bytes).
    Removing dmul.o(.text), (228 bytes).
    Removing ddiv.o(.text), (222 bytes).
    Removing dfixul.o(.text), (48 bytes).
    Removing cdrcmple.o(.text), (48 bytes).
    Removing depilogue.o(.text), (186 bytes).

29 unused section(s) (total 17302 bytes) removed from the image.

==============================================================================

Image Symbol Table

    Local Symbols

    Symbol Name                              Value     Ov Type        Size  Object(Section)

    ../clib/microlib/division.c              0x00000000   Number         0  uldiv.o ABSOLUTE
    ../clib/microlib/division.c              0x00000000   Number         0  uidiv.o ABSOLUTE
    ../clib/microlib/init/entry.s            0x00000000   Number         0  entry8b.o ABSOLUTE
    ../clib/microlib/init/entry.s            0x00000000   Number         0  entry11b.o ABSOLUTE
    ../clib/microlib/init/entry.s            0x00000000   Number         0  entry10a.o ABSOLUTE
    ../clib/microlib/init/entry.s            0x00000000   Number         0  entry10b.o ABSOLUTE
    ../clib/microlib/init/entry.s            0x00000000   Number         0  entry11a.o ABSOLUTE
    ../clib/microlib/init/entry.s            0x00000000   Number         0  entry9b.o ABSOLUTE
    ../clib/microlib/init/entry.s            0x00000000   Number         0  entry2.o ABSOLUTE
    ../clib/microlib/init/entry.s            0x00000000   Number         0  entry5.o ABSOLUTE
    ../clib/microlib/init/entry.s            0x00000000   Number         0  entry.o ABSOLUTE
    ../clib/microlib/init/entry.s            0x00000000   Number         0  entry7a.o ABSOLUTE
    ../clib/microlib/init/entry.s            0x00000000   Number         0  entry7b.o ABSOLUTE
    ../clib/microlib/init/entry.s            0x00000000   Number         0  entry8a.o ABSOLUTE
    ../clib/microlib/init/entry.s            0x00000000   Number         0  entry9a.o ABSOLUTE
    ../clib/microlib/longlong.c              0x00000000   Number         0  llsshr.o ABSOLUTE
    ../clib/microlib/longlong.c              0x00000000   Number         0  llshl.o ABSOLUTE
    ../clib/microlib/longlong.c              0x00000000   Number         0  llushr.o ABSOLUTE
    ../clib/microlib/malloc/malloc.c         0x00000000   Number         0  malloc.o ABSOLUTE
    ../clib/microlib/malloc/malloc.c         0x00000000   Number         0  mallocr.o ABSOLUTE
    ../clib/microlib/malloc/malloc.c         0x00000000   Number         0  mallocra.o ABSOLUTE
    ../clib/microlib/malloc/malloc.c         0x00000000   Number         0  malloca.o ABSOLUTE
    ../clib/microlib/malloc/mvars.c          0x00000000   Number         0  mvars.o ABSOLUTE
    ../clib/microlib/printf/printf.c         0x00000000   Number         0  printf2.o ABSOLUTE
    ../clib/microlib/printf/printf.c         0x00000000   Number         0  printf1.o ABSOLUTE
    ../clib/microlib/printf/printf.c         0x00000000   Number         0  printfb.o ABSOLUTE
    ../clib/microlib/printf/printf.c         0x00000000   Number         0  printfa.o ABSOLUTE
    ../clib/microlib/printf/printf.c         0x00000000   Number         0  printf0.o ABSOLUTE
    ../clib/microlib/printf/printf.c         0x00000000   Number         0  printf8.o ABSOLUTE
    ../clib/microlib/printf/printf.c         0x00000000   Number         0  printf7.o ABSOLUTE
    ../clib/microlib/printf/printf.c         0x00000000   Number         0  printf6.o ABSOLUTE
    ../clib/microlib/printf/printf.c         0x00000000   Number         0  printf5.o ABSOLUTE
    ../clib/microlib/printf/printf.c         0x00000000   Number         0  printf4.o ABSOLUTE
    ../clib/microlib/printf/printf.c         0x00000000   Number         0  printf3.o ABSOLUTE
    ../clib/microlib/printf/stubs.s          0x00000000   Number         0  stubs.o ABSOLUTE
    ../clib/microlib/stdio/streams.c         0x00000000   Number         0  stdout.o ABSOLUTE
    ../clib/microlib/string/memcpy.c         0x00000000   Number         0  memcpya.o ABSOLUTE
    ../clib/microlib/string/memcpy.c         0x00000000   Number         0  memcpyb.o ABSOLUTE
    ../clib/microlib/stubs.s                 0x00000000   Number         0  iusefp.o ABSOLUTE
    ../fplib/microlib/fpadd.c                0x00000000   Number         0  dadd.o ABSOLUTE
    ../fplib/microlib/fpdiv.c                0x00000000   Number         0  ddiv.o ABSOLUTE
    ../fplib/microlib/fpepilogue.c           0x00000000   Number         0  depilogue.o ABSOLUTE
    ../fplib/microlib/fpfix.c                0x00000000   Number         0  dfixul.o ABSOLUTE
    ../fplib/microlib/fpmul.c                0x00000000   Number         0  dmul.o ABSOLUTE
    ..\..\Libraries\CMSIS\core_cm3.c         0x00000000   Number         0  core_cm3.o ABSOLUTE
    ..\..\Libraries\CMSIS\startup\startup_stm32f10x_hd.s 0x00000000   Number         0  startup_stm32f10x_hd.o ABSOLUTE
    ..\..\Libraries\CMSIS\system_stm32f10x.c 0x00000000   Number         0  system_stm32f10x.o ABSOLUTE
    ..\..\Libraries\FWlib\src\misc.c         0x00000000   Number         0  misc.o ABSOLUTE
    ..\..\Libraries\FWlib\src\stm32f10x_adc.c 0x00000000   Number         0  stm32f10x_adc.o ABSOLUTE
    ..\..\Libraries\FWlib\src\stm32f10x_bkp.c 0x00000000   Number         0  stm32f10x_bkp.o ABSOLUTE
    ..\..\Libraries\FWlib\src\stm32f10x_can.c 0x00000000   Number         0  stm32f10x_can.o ABSOLUTE
    ..\..\Libraries\FWlib\src\stm32f10x_cec.c 0x00000000   Number         0  stm32f10x_cec.o ABSOLUTE
    ..\..\Libraries\FWlib\src\stm32f10x_crc.c 0x00000000   Number         0  stm32f10x_crc.o ABSOLUTE
    ..\..\Libraries\FWlib\src\stm32f10x_dac.c 0x00000000   Number         0  stm32f10x_dac.o ABSOLUTE
    ..\..\Libraries\FWlib\src\stm32f10x_dbgmcu.c 0x00000000   Number         0  stm32f10x_dbgmcu.o ABSOLUTE
    ..\..\Libraries\FWlib\src\stm32f10x_dma.c 0x00000000   Number         0  stm32f10x_dma.o ABSOLUTE
    ..\..\Libraries\FWlib\src\stm32f10x_exti.c 0x00000000   Number         0  stm32f10x_exti.o ABSOLUTE
    ..\..\Libraries\FWlib\src\stm32f10x_flash.c 0x00000000   Number         0  stm32f10x_flash.o ABSOLUTE
    ..\..\Libraries\FWlib\src\stm32f10x_fsmc.c 0x00000000   Number         0  stm32f10x_fsmc.o ABSOLUTE
    ..\..\Libraries\FWlib\src\stm32f10x_gpio.c 0x00000000   Number         0  stm32f10x_gpio.o ABSOLUTE
    ..\..\Libraries\FWlib\src\stm32f10x_i2c.c 0x00000000   Number         0  stm32f10x_i2c.o ABSOLUTE
    ..\..\Libraries\FWlib\src\stm32f10x_iwdg.c 0x00000000   Number         0  stm32f10x_iwdg.o ABSOLUTE
    ..\..\Libraries\FWlib\src\stm32f10x_pwr.c 0x00000000   Number         0  stm32f10x_pwr.o ABSOLUTE
    ..\..\Libraries\FWlib\src\stm32f10x_rcc.c 0x00000000   Number         0  stm32f10x_rcc.o ABSOLUTE
    ..\..\Libraries\FWlib\src\stm32f10x_rtc.c 0x00000000   Number         0  stm32f10x_rtc.o ABSOLUTE
    ..\..\Libraries\FWlib\src\stm32f10x_sdio.c 0x00000000   Number         0  stm32f10x_sdio.o ABSOLUTE
    ..\..\Libraries\FWlib\src\stm32f10x_spi.c 0x00000000   Number         0  stm32f10x_spi.o ABSOLUTE
    ..\..\Libraries\FWlib\src\stm32f10x_tim.c 0x00000000   Number         0  stm32f10x_tim.o ABSOLUTE
    ..\..\Libraries\FWlib\src\stm32f10x_usart.c 0x00000000   Number         0  stm32f10x_usart.o ABSOLUTE
    ..\..\Libraries\FWlib\src\stm32f10x_wwdg.c 0x00000000   Number         0  stm32f10x_wwdg.o ABSOLUTE
    ..\..\User\FATFS\diskio.c                0x00000000   Number         0  diskio.o ABSOLUTE
    ..\..\User\FATFS\ff.c                    0x00000000   Number         0  ff.o ABSOLUTE
    ..\..\User\FATFS\option\cc936.c          0x00000000   Number         0  cc936.o ABSOLUTE
    ..\..\User\Key\bsp_exti.c                0x00000000   Number         0  bsp_exti.o ABSOLUTE
    ..\..\User\Key\bsp_key.c                 0x00000000   Number         0  bsp_key.o ABSOLUTE
    ..\..\User\code\code.c                   0x00000000   Number         0  code.o ABSOLUTE
    ..\..\User\flash\bsp_spi_flash.c         0x00000000   Number         0  bsp_spi_flash.o ABSOLUTE
    ..\..\User\font\fonts.c                  0x00000000   Number         0  fonts.o ABSOLUTE
    ..\..\User\lcd\bsp_ili9341_lcd.c         0x00000000   Number         0  bsp_ili9341_lcd.o ABSOLUTE
    ..\..\User\led\bsp_led.c                 0x00000000   Number         0  bsp_led.o ABSOLUTE
    ..\..\User\main.c                        0x00000000   Number         0  main.o ABSOLUTE
    ..\..\User\sdcard\bsp_spi_sdcard.c       0x00000000   Number         0  bsp_spi_sdcard.o ABSOLUTE
    ..\..\User\stm32f10x_it.c                0x00000000   Number         0  stm32f10x_it.o ABSOLUTE
    ..\..\User\usart\bsp_usart.c             0x00000000   Number         0  bsp_usart.o ABSOLUTE
    ..\\..\\Libraries\\CMSIS\\core_cm3.c     0x00000000   Number         0  core_cm3.o ABSOLUTE
    cdrcmple.s                               0x00000000   Number         0  cdrcmple.o ABSOLUTE
    dc.s                                     0x00000000   Number         0  dc.o ABSOLUTE
    handlers.s                               0x00000000   Number         0  handlers.o ABSOLUTE
    init.s                                   0x00000000   Number         0  init.o ABSOLUTE
    RESET                                    0x08000000   Section      304  startup_stm32f10x_hd.o(RESET)
    .ARM.Collect$$$$00000000                 0x08000130   Section        0  entry.o(.ARM.Collect$$$$00000000)
    .ARM.Collect$$$$00000001                 0x08000130   Section        4  entry2.o(.ARM.Collect$$$$00000001)
    .ARM.Collect$$$$00000004                 0x08000134   Section        4  entry5.o(.ARM.Collect$$$$00000004)
    .ARM.Collect$$$$00000008                 0x08000138   Section        0  entry7b.o(.ARM.Collect$$$$00000008)
    .ARM.Collect$$$$0000000A                 0x08000138   Section        0  entry8b.o(.ARM.Collect$$$$0000000A)
    .ARM.Collect$$$$0000000B                 0x08000138   Section        8  entry9a.o(.ARM.Collect$$$$0000000B)
    .ARM.Collect$$$$0000000D                 0x08000140   Section        0  entry10a.o(.ARM.Collect$$$$0000000D)
    .ARM.Collect$$$$0000000F                 0x08000140   Section        0  entry11a.o(.ARM.Collect$$$$0000000F)
    .ARM.Collect$$$$00002712                 0x08000140   Section        4  entry2.o(.ARM.Collect$$$$00002712)
    __lit__00000000                          0x08000140   Data           4  entry2.o(.ARM.Collect$$$$00002712)
    .text                                    0x08000144   Section       36  startup_stm32f10x_hd.o(.text)
    .text                                    0x08000168   Section        0  system_stm32f10x.o(.text)
    SetSysClockTo72                          0x08000169   Thumb Code   214  system_stm32f10x.o(.text)
    SetSysClock                              0x0800023f   Thumb Code     8  system_stm32f10x.o(.text)
    .text                                    0x08000348   Section        0  stm32f10x_exti.o(.text)
    .text                                    0x08000464   Section        0  stm32f10x_gpio.o(.text)
    .text                                    0x080007c0   Section        0  stm32f10x_rcc.o(.text)
    .text                                    0x08000b64   Section        0  stm32f10x_spi.o(.text)
    .text                                    0x08000e70   Section        0  stm32f10x_usart.o(.text)
    .text                                    0x08001278   Section        0  main.o(.text)
    Delay                                    0x08001279   Thumb Code    18  main.o(.text)
    LCD_Test                                 0x0800137b   Thumb Code   450  main.o(.text)
    .text                                    0x080015b8   Section        0  stm32f10x_it.o(.text)
    Delay                                    0x0800167f   Thumb Code    18  stm32f10x_it.o(.text)
    .text                                    0x080016b4   Section        0  bsp_usart.o(.text)
    .text                                    0x08001770   Section        0  bsp_ili9341_lcd.o(.text)
    ILI9341_Delay                            0x08001771   Thumb Code    18  bsp_ili9341_lcd.o(.text)
    ILI9341_GPIO_Config                      0x08001783   Thumb Code   126  bsp_ili9341_lcd.o(.text)
    ILI9341_REG_Config                       0x08001801   Thumb Code   684  bsp_ili9341_lcd.o(.text)
    ILI9341_SetCursor                        0x08001c0f   Thumb Code    20  bsp_ili9341_lcd.o(.text)
    ILI9341_FillColor                        0x08001c23   Thumb Code    32  bsp_ili9341_lcd.o(.text)
    ILI9341_Read_PixelData                   0x08001ca1   Thumb Code    54  bsp_ili9341_lcd.o(.text)
    .text                                    0x0800290c   Section        0  fonts.o(.text)
    .text                                    0x080029c0   Section        0  bsp_spi_sdcard.o(.text)
    GPIO_Configuration                       0x08002a1d   Thumb Code   176  bsp_spi_sdcard.o(.text)
    .text                                    0x080034b0   Section        0  bsp_key.o(.text)
    .text                                    0x08003d08   Section        0  code.o(.text)
    .text                                    0x080041c4   Section        0  diskio.o(.text)
    .text                                    0x08004330   Section        0  ff.o(.text)
    mem_cpy                                  0x08004331   Thumb Code    26  ff.o(.text)
    mem_set                                  0x0800434b   Thumb Code    20  ff.o(.text)
    mem_cmp                                  0x0800435f   Thumb Code    38  ff.o(.text)
    chk_chr                                  0x08004385   Thumb Code    20  ff.o(.text)
    sync_window                              0x08004399   Thumb Code    82  ff.o(.text)
    move_window                              0x080043eb   Thumb Code    52  ff.o(.text)
    sync_fs                                  0x0800441f   Thumb Code   200  ff.o(.text)
    remove_chain                             0x080047c7   Thumb Code   108  ff.o(.text)
    create_chain                             0x08004833   Thumb Code   214  ff.o(.text)
    dir_sdi                                  0x08004909   Thumb Code   200  ff.o(.text)
    dir_next                                 0x080049d1   Thumb Code   314  ff.o(.text)
    dir_alloc                                0x08004b0b   Thumb Code    92  ff.o(.text)
    ld_clust                                 0x08004b67   Thumb Code    32  ff.o(.text)
    st_clust                                 0x08004b87   Thumb Code    16  ff.o(.text)
    cmp_lfn                                  0x08004b97   Thumb Code   154  ff.o(.text)
    pick_lfn                                 0x08004c31   Thumb Code   124  ff.o(.text)
    fit_lfn                                  0x08004cad   Thumb Code   122  ff.o(.text)
    gen_numname                              0x08004d27   Thumb Code   198  ff.o(.text)
    sum_sfn                                  0x08004ded   Thumb Code    32  ff.o(.text)
    dir_find                                 0x08004e0d   Thumb Code   234  ff.o(.text)
    dir_read                                 0x08004ef7   Thumb Code   206  ff.o(.text)
    dir_register                             0x08004fc5   Thumb Code   298  ff.o(.text)
    dir_remove                               0x080050ef   Thumb Code   106  ff.o(.text)
    get_fileinfo                             0x08005159   Thumb Code   272  ff.o(.text)
    create_name                              0x08005269   Thumb Code   604  ff.o(.text)
    follow_path                              0x080054c5   Thumb Code   144  ff.o(.text)
    get_ldnumber                             0x08005555   Thumb Code    74  ff.o(.text)
    check_fs                                 0x0800559f   Thumb Code   140  ff.o(.text)
    find_volume                              0x0800562b   Thumb Code   996  ff.o(.text)
    validate                                 0x08005a0f   Thumb Code    50  ff.o(.text)
    putc_bfd                                 0x08006fd9   Thumb Code    68  ff.o(.text)
    .text                                    0x08007348   Section        0  cc936.o(.text)
    .text                                    0x08007420   Section        0  uldiv.o(.text)
    .text                                    0x08007482   Section        0  llshl.o(.text)
    .text                                    0x080074a0   Section        0  llushr.o(.text)
    .text                                    0x080074c0   Section       36  init.o(.text)
    i.ILI9341_Read_Data                      0x080074e4   Section        0  bsp_ili9341_lcd.o(i.ILI9341_Read_Data)
    i.ILI9341_Write_Cmd                      0x0800753c   Section        0  bsp_ili9341_lcd.o(i.ILI9341_Write_Cmd)
    i.ILI9341_Write_Data                     0x08007564   Section        0  bsp_ili9341_lcd.o(i.ILI9341_Write_Data)
    i.__0printf$5                            0x0800758c   Section        0  printf5.o(i.__0printf$5)
    i.__scatterload_copy                     0x080075ac   Section       14  handlers.o(i.__scatterload_copy)
    i.__scatterload_null                     0x080075ba   Section        2  handlers.o(i.__scatterload_null)
    i.__scatterload_zeroinit                 0x080075bc   Section       14  handlers.o(i.__scatterload_zeroinit)
    i._printf_core                           0x080075cc   Section        0  printf5.o(i._printf_core)
    _printf_core                             0x080075cd   Thumb Code   658  printf5.o(i._printf_core)
    i.malloc                                 0x0800788c   Section        0  malloc.o(i.malloc)
    .constdata                               0x080078f8   Section    15200  fonts.o(.constdata)
    .constdata                               0x0800b458   Section       58  ff.o(.constdata)
    LfnOfs                                   0x0800b458   Data          13  ff.o(.constdata)
    vst                                      0x0800b466   Data          22  ff.o(.constdata)
    cst                                      0x0800b47c   Data          22  ff.o(.constdata)
    .constdata                               0x0800b492   Section    176320  cc936.o(.constdata)
    uni2oem                                  0x0800b492   Data       87172  cc936.o(.constdata)
    oem2uni                                  0x08020916   Data       87172  cc936.o(.constdata)
    lower                                    0x08035d9a   Data         988  cc936.o(.constdata)
    upper                                    0x08036176   Data         988  cc936.o(.constdata)
    .data                                    0x20000000   Section       20  system_stm32f10x.o(.data)
    .data                                    0x20000014   Section       20  stm32f10x_rcc.o(.data)
    APBAHBPrescTable                         0x20000014   Data          16  stm32f10x_rcc.o(.data)
    ADCPrescTable                            0x20000024   Data           4  stm32f10x_rcc.o(.data)
    .data                                    0x20000028   Section       57  main.o(.data)
    shift                                    0x20000028   Data           4  main.o(.data)
    bufferCount                              0x2000002c   Data           1  main.o(.data)
    contentCount                             0x2000002d   Data           1  main.o(.data)
    cursorType                               0x2000002e   Data           1  main.o(.data)
    pBuffer                                  0x20000030   Data           4  main.o(.data)
    pBuffer_start                            0x20000034   Data           4  main.o(.data)
    bufferCount                              0x20000060   Data           1  main.o(.data)
    .data                                    0x20000061   Section        1  stm32f10x_it.o(.data)
    count                                    0x20000061   Data           1  stm32f10x_it.o(.data)
    .data                                    0x20000064   Section       16  bsp_ili9341_lcd.o(.data)
    LCD_Currentfonts                         0x2000006c   Data           4  bsp_ili9341_lcd.o(.data)
    CurrentTextColor                         0x20000070   Data           2  bsp_ili9341_lcd.o(.data)
    CurrentBackColor                         0x20000072   Data           2  bsp_ili9341_lcd.o(.data)
    .data                                    0x20000074   Section       33  fonts.o(.data)
    res_sd                                   0x2000008c   Data           1  fonts.o(.data)
    br                                       0x20000090   Data           4  fonts.o(.data)
    everRead                                 0x20000094   Data           1  fonts.o(.data)
    .data                                    0x20000095   Section        1  bsp_spi_sdcard.o(.data)
    .data                                    0x20000098   Section        9  bsp_key.o(.data)
    shift                                    0x20000098   Data           4  bsp_key.o(.data)
    bufferCount                              0x2000009c   Data           1  bsp_key.o(.data)
    contentCount                             0x2000009d   Data           1  bsp_key.o(.data)
    cursorType                               0x2000009e   Data           1  bsp_key.o(.data)
    show                                     0x2000009f   Data           1  bsp_key.o(.data)
    count                                    0x200000a0   Data           1  bsp_key.o(.data)
    .data                                    0x200000a4   Section        9  code.o(.data)
    res_sd                                   0x200000a4   Data           1  code.o(.data)
    br                                       0x200000a8   Data           4  code.o(.data)
    everRead                                 0x200000ac   Data           1  code.o(.data)
    .data                                    0x200000b0   Section       10  ff.o(.data)
    FatFs                                    0x200000b0   Data           8  ff.o(.data)
    Fsid                                     0x200000b8   Data           2  ff.o(.data)
    .data                                    0x200000bc   Section        4  stdout.o(.data)
    .data                                    0x200000c0   Section        4  mvars.o(.data)
    .data                                    0x200000c4   Section        4  mvars.o(.data)
    .bss                                     0x200000c8   Section    17408  bsp_ili9341_lcd.o(.bss)
    .bss                                     0x200044c8   Section     8276  fonts.o(.bss)
    fnew                                     0x200044c8   Data        4132  fonts.o(.bss)
    fs                                       0x200054ec   Data        4144  fonts.o(.bss)
    .bss                                     0x20006520   Section       88  bsp_spi_sdcard.o(.bss)
    .bss                                     0x20006578   Section     8276  code.o(.bss)
    fnew                                     0x20006578   Data        4132  code.o(.bss)
    fs                                       0x2000759c   Data        4144  code.o(.bss)
    HEAP                                     0x200085d0   Section     1024  startup_stm32f10x_hd.o(HEAP)
    STACK                                    0x200089d0   Section     1024  startup_stm32f10x_hd.o(STACK)

    Global Symbols

    Symbol Name                              Value     Ov Type        Size  Object(Section)

    BuildAttributes$$THM_ISAv4$P$D$K$B$S$PE$A:L22UL41UL21$X:L11$S22US41US21$IEEE1$IW$USESV6$~STKCKD$USESV7$~SHL$OSPACE$ROPI$EBA8$MICROLIB$REQ8$PRES8$EABIv2 0x00000000   Number         0  anon$$obj.o ABSOLUTE
    __ARM_use_no_argv                        0x00000000   Number         0  main.o ABSOLUTE
    _printf_a                                0x00000000   Number         0  stubs.o ABSOLUTE
    _printf_c                                0x00000000   Number         0  stubs.o ABSOLUTE
    _printf_charcount                        0x00000000   Number         0  stubs.o ABSOLUTE
    _printf_d                                0x00000000   Number         0  stubs.o ABSOLUTE
    _printf_e                                0x00000000   Number         0  stubs.o ABSOLUTE
    _printf_f                                0x00000000   Number         0  stubs.o ABSOLUTE
    _printf_flags                            0x00000000   Number         0  stubs.o ABSOLUTE
    _printf_fp_dec                           0x00000000   Number         0  stubs.o ABSOLUTE
    _printf_fp_hex                           0x00000000   Number         0  stubs.o ABSOLUTE
    _printf_g                                0x00000000   Number         0  stubs.o ABSOLUTE
    _printf_i                                0x00000000   Number         0  stubs.o ABSOLUTE
    _printf_int_dec                          0x00000000   Number         0  stubs.o ABSOLUTE
    _printf_l                                0x00000000   Number         0  stubs.o ABSOLUTE
    _printf_lc                               0x00000000   Number         0  stubs.o ABSOLUTE
    _printf_ll                               0x00000000   Number         0  stubs.o ABSOLUTE
    _printf_lld                              0x00000000   Number         0  stubs.o ABSOLUTE
    _printf_lli                              0x00000000   Number         0  stubs.o ABSOLUTE
    _printf_llo                              0x00000000   Number         0  stubs.o ABSOLUTE
    _printf_llu                              0x00000000   Number         0  stubs.o ABSOLUTE
    _printf_llx                              0x00000000   Number         0  stubs.o ABSOLUTE
    _printf_longlong_dec                     0x00000000   Number         0  stubs.o ABSOLUTE
    _printf_longlong_hex                     0x00000000   Number         0  stubs.o ABSOLUTE
    _printf_longlong_oct                     0x00000000   Number         0  stubs.o ABSOLUTE
    _printf_ls                               0x00000000   Number         0  stubs.o ABSOLUTE
    _printf_mbtowc                           0x00000000   Number         0  stubs.o ABSOLUTE
    _printf_n                                0x00000000   Number         0  stubs.o ABSOLUTE
    _printf_o                                0x00000000   Number         0  stubs.o ABSOLUTE
    _printf_p                                0x00000000   Number         0  stubs.o ABSOLUTE
    _printf_percent                          0x00000000   Number         0  stubs.o ABSOLUTE
    _printf_pre_padding                      0x00000000   Number         0  stubs.o ABSOLUTE
    _printf_return_value                     0x00000000   Number         0  stubs.o ABSOLUTE
    _printf_s                                0x00000000   Number         0  stubs.o ABSOLUTE
    _printf_sizespec                         0x00000000   Number         0  stubs.o ABSOLUTE
    _printf_str                              0x00000000   Number         0  stubs.o ABSOLUTE
    _printf_truncate_signed                  0x00000000   Number         0  stubs.o ABSOLUTE
    _printf_truncate_unsigned                0x00000000   Number         0  stubs.o ABSOLUTE
    _printf_u                                0x00000000   Number         0  stubs.o ABSOLUTE
    _printf_wc                               0x00000000   Number         0  stubs.o ABSOLUTE
    _printf_wctomb                           0x00000000   Number         0  stubs.o ABSOLUTE
    _printf_widthprec                        0x00000000   Number         0  stubs.o ABSOLUTE
    _printf_x                                0x00000000   Number         0  stubs.o ABSOLUTE
    __cpp_initialize__aeabi_                  - Undefined Weak Reference
    __cxa_finalize                            - Undefined Weak Reference
    __decompress                              - Undefined Weak Reference
    _clock_init                               - Undefined Weak Reference
    _microlib_exit                            - Undefined Weak Reference
    __Vectors_Size                           0x00000130   Number         0  startup_stm32f10x_hd.o ABSOLUTE
    __Vectors                                0x08000000   Data           4  startup_stm32f10x_hd.o(RESET)
    __Vectors_End                            0x08000130   Data           0  startup_stm32f10x_hd.o(RESET)
    __main                                   0x08000131   Thumb Code     0  entry.o(.ARM.Collect$$$$00000000)
    _main_stk                                0x08000131   Thumb Code     0  entry2.o(.ARM.Collect$$$$00000001)
    _main_scatterload                        0x08000135   Thumb Code     0  entry5.o(.ARM.Collect$$$$00000004)
    __main_after_scatterload                 0x08000139   Thumb Code     0  entry5.o(.ARM.Collect$$$$00000004)
    _main_clock                              0x08000139   Thumb Code     0  entry7b.o(.ARM.Collect$$$$00000008)
    _main_cpp_init                           0x08000139   Thumb Code     0  entry8b.o(.ARM.Collect$$$$0000000A)
    _main_init                               0x08000139   Thumb Code     0  entry9a.o(.ARM.Collect$$$$0000000B)
    __rt_final_cpp                           0x08000141   Thumb Code     0  entry10a.o(.ARM.Collect$$$$0000000D)
    __rt_final_exit                          0x08000141   Thumb Code     0  entry11a.o(.ARM.Collect$$$$0000000F)
    Reset_Handler                            0x08000145   Thumb Code     8  startup_stm32f10x_hd.o(.text)
    ADC1_2_IRQHandler                        0x0800015f   Thumb Code     0  startup_stm32f10x_hd.o(.text)
    ADC3_IRQHandler                          0x0800015f   Thumb Code     0  startup_stm32f10x_hd.o(.text)
    CAN1_RX1_IRQHandler                      0x0800015f   Thumb Code     0  startup_stm32f10x_hd.o(.text)
    CAN1_SCE_IRQHandler                      0x0800015f   Thumb Code     0  startup_stm32f10x_hd.o(.text)
    DMA1_Channel1_IRQHandler                 0x0800015f   Thumb Code     0  startup_stm32f10x_hd.o(.text)
    DMA1_Channel2_IRQHandler                 0x0800015f   Thumb Code     0  startup_stm32f10x_hd.o(.text)
    DMA1_Channel3_IRQHandler                 0x0800015f   Thumb Code     0  startup_stm32f10x_hd.o(.text)
    DMA1_Channel4_IRQHandler                 0x0800015f   Thumb Code     0  startup_stm32f10x_hd.o(.text)
    DMA1_Channel5_IRQHandler                 0x0800015f   Thumb Code     0  startup_stm32f10x_hd.o(.text)
    DMA1_Channel6_IRQHandler                 0x0800015f   Thumb Code     0  startup_stm32f10x_hd.o(.text)
    DMA1_Channel7_IRQHandler                 0x0800015f   Thumb Code     0  startup_stm32f10x_hd.o(.text)
    DMA2_Channel1_IRQHandler                 0x0800015f   Thumb Code     0  startup_stm32f10x_hd.o(.text)
    DMA2_Channel2_IRQHandler                 0x0800015f   Thumb Code     0  startup_stm32f10x_hd.o(.text)
    DMA2_Channel3_IRQHandler                 0x0800015f   Thumb Code     0  startup_stm32f10x_hd.o(.text)
    DMA2_Channel4_5_IRQHandler               0x0800015f   Thumb Code     0  startup_stm32f10x_hd.o(.text)
    EXTI1_IRQHandler                         0x0800015f   Thumb Code     0  startup_stm32f10x_hd.o(.text)
    EXTI2_IRQHandler                         0x0800015f   Thumb Code     0  startup_stm32f10x_hd.o(.text)
    EXTI3_IRQHandler                         0x0800015f   Thumb Code     0  startup_stm32f10x_hd.o(.text)
    EXTI4_IRQHandler                         0x0800015f   Thumb Code     0  startup_stm32f10x_hd.o(.text)
    EXTI9_5_IRQHandler                       0x0800015f   Thumb Code     0  startup_stm32f10x_hd.o(.text)
    FLASH_IRQHandler                         0x0800015f   Thumb Code     0  startup_stm32f10x_hd.o(.text)
    FSMC_IRQHandler                          0x0800015f   Thumb Code     0  startup_stm32f10x_hd.o(.text)
    I2C1_ER_IRQHandler                       0x0800015f   Thumb Code     0  startup_stm32f10x_hd.o(.text)
    I2C1_EV_IRQHandler                       0x0800015f   Thumb Code     0  startup_stm32f10x_hd.o(.text)
    I2C2_ER_IRQHandler                       0x0800015f   Thumb Code     0  startup_stm32f10x_hd.o(.text)
    I2C2_EV_IRQHandler                       0x0800015f   Thumb Code     0  startup_stm32f10x_hd.o(.text)
    PVD_IRQHandler                           0x0800015f   Thumb Code     0  startup_stm32f10x_hd.o(.text)
    RCC_IRQHandler                           0x0800015f   Thumb Code     0  startup_stm32f10x_hd.o(.text)
    RTCAlarm_IRQHandler                      0x0800015f   Thumb Code     0  startup_stm32f10x_hd.o(.text)
    RTC_IRQHandler                           0x0800015f   Thumb Code     0  startup_stm32f10x_hd.o(.text)
    SDIO_IRQHandler                          0x0800015f   Thumb Code     0  startup_stm32f10x_hd.o(.text)
    SPI1_IRQHandler                          0x0800015f   Thumb Code     0  startup_stm32f10x_hd.o(.text)
    SPI2_IRQHandler                          0x0800015f   Thumb Code     0  startup_stm32f10x_hd.o(.text)
    SPI3_IRQHandler                          0x0800015f   Thumb Code     0  startup_stm32f10x_hd.o(.text)
    TAMPER_IRQHandler                        0x0800015f   Thumb Code     0  startup_stm32f10x_hd.o(.text)
    TIM1_BRK_IRQHandler                      0x0800015f   Thumb Code     0  startup_stm32f10x_hd.o(.text)
    TIM1_CC_IRQHandler                       0x0800015f   Thumb Code     0  startup_stm32f10x_hd.o(.text)
    TIM1_TRG_COM_IRQHandler                  0x0800015f   Thumb Code     0  startup_stm32f10x_hd.o(.text)
    TIM1_UP_IRQHandler                       0x0800015f   Thumb Code     0  startup_stm32f10x_hd.o(.text)
    TIM2_IRQHandler                          0x0800015f   Thumb Code     0  startup_stm32f10x_hd.o(.text)
    TIM3_IRQHandler                          0x0800015f   Thumb Code     0  startup_stm32f10x_hd.o(.text)
    TIM4_IRQHandler                          0x0800015f   Thumb Code     0  startup_stm32f10x_hd.o(.text)
    TIM5_IRQHandler                          0x0800015f   Thumb Code     0  startup_stm32f10x_hd.o(.text)
    TIM6_IRQHandler                          0x0800015f   Thumb Code     0  startup_stm32f10x_hd.o(.text)
    TIM7_IRQHandler                          0x0800015f   Thumb Code     0  startup_stm32f10x_hd.o(.text)
    TIM8_BRK_IRQHandler                      0x0800015f   Thumb Code     0  startup_stm32f10x_hd.o(.text)
    TIM8_CC_IRQHandler                       0x0800015f   Thumb Code     0  startup_stm32f10x_hd.o(.text)
    TIM8_TRG_COM_IRQHandler                  0x0800015f   Thumb Code     0  startup_stm32f10x_hd.o(.text)
    TIM8_UP_IRQHandler                       0x0800015f   Thumb Code     0  startup_stm32f10x_hd.o(.text)
    UART4_IRQHandler                         0x0800015f   Thumb Code     0  startup_stm32f10x_hd.o(.text)
    UART5_IRQHandler                         0x0800015f   Thumb Code     0  startup_stm32f10x_hd.o(.text)
    USART1_IRQHandler                        0x0800015f   Thumb Code     0  startup_stm32f10x_hd.o(.text)
    USART2_IRQHandler                        0x0800015f   Thumb Code     0  startup_stm32f10x_hd.o(.text)
    USART3_IRQHandler                        0x0800015f   Thumb Code     0  startup_stm32f10x_hd.o(.text)
    USBWakeUp_IRQHandler                     0x0800015f   Thumb Code     0  startup_stm32f10x_hd.o(.text)
    USB_HP_CAN1_TX_IRQHandler                0x0800015f   Thumb Code     0  startup_stm32f10x_hd.o(.text)
    USB_LP_CAN1_RX0_IRQHandler               0x0800015f   Thumb Code     0  startup_stm32f10x_hd.o(.text)
    WWDG_IRQHandler                          0x0800015f   Thumb Code     0  startup_stm32f10x_hd.o(.text)
    SystemInit                               0x08000247   Thumb Code    78  system_stm32f10x.o(.text)
    SystemCoreClockUpdate                    0x08000295   Thumb Code   142  system_stm32f10x.o(.text)
    EXTI_DeInit                              0x08000349   Thumb Code    28  stm32f10x_exti.o(.text)
    EXTI_Init                                0x08000365   Thumb Code   142  stm32f10x_exti.o(.text)
    EXTI_StructInit                          0x080003f3   Thumb Code    16  stm32f10x_exti.o(.text)
    EXTI_GenerateSWInterrupt                 0x08000403   Thumb Code    16  stm32f10x_exti.o(.text)
    EXTI_GetFlagStatus                       0x08000413   Thumb Code    22  stm32f10x_exti.o(.text)
    EXTI_ClearFlag                           0x08000429   Thumb Code     8  stm32f10x_exti.o(.text)
    EXTI_GetITStatus                         0x08000431   Thumb Code    34  stm32f10x_exti.o(.text)
    EXTI_ClearITPendingBit                   0x08000453   Thumb Code     8  stm32f10x_exti.o(.text)
    GPIO_DeInit                              0x08000465   Thumb Code   172  stm32f10x_gpio.o(.text)
    GPIO_AFIODeInit                          0x08000511   Thumb Code    20  stm32f10x_gpio.o(.text)
    GPIO_Init                                0x08000525   Thumb Code   278  stm32f10x_gpio.o(.text)
    GPIO_StructInit                          0x0800063b   Thumb Code    16  stm32f10x_gpio.o(.text)
    GPIO_ReadInputDataBit                    0x0800064b   Thumb Code    18  stm32f10x_gpio.o(.text)
    GPIO_ReadInputData                       0x0800065d   Thumb Code     8  stm32f10x_gpio.o(.text)
    GPIO_ReadOutputDataBit                   0x08000665   Thumb Code    18  stm32f10x_gpio.o(.text)
    GPIO_ReadOutputData                      0x08000677   Thumb Code     8  stm32f10x_gpio.o(.text)
    GPIO_SetBits                             0x0800067f   Thumb Code     4  stm32f10x_gpio.o(.text)
    GPIO_ResetBits                           0x08000683   Thumb Code     4  stm32f10x_gpio.o(.text)
    GPIO_WriteBit                            0x08000687   Thumb Code    10  stm32f10x_gpio.o(.text)
    GPIO_Write                               0x08000691   Thumb Code     4  stm32f10x_gpio.o(.text)
    GPIO_PinLockConfig                       0x08000695   Thumb Code    18  stm32f10x_gpio.o(.text)
    GPIO_EventOutputConfig                   0x080006a7   Thumb Code    26  stm32f10x_gpio.o(.text)
    GPIO_EventOutputCmd                      0x080006c1   Thumb Code     6  stm32f10x_gpio.o(.text)
    GPIO_PinRemapConfig                      0x080006c7   Thumb Code   138  stm32f10x_gpio.o(.text)
    GPIO_EXTILineConfig                      0x08000751   Thumb Code    66  stm32f10x_gpio.o(.text)
    GPIO_ETH_MediaInterfaceConfig            0x08000793   Thumb Code     8  stm32f10x_gpio.o(.text)
    RCC_DeInit                               0x080007c1   Thumb Code    64  stm32f10x_rcc.o(.text)
    RCC_HSEConfig                            0x08000801   Thumb Code    70  stm32f10x_rcc.o(.text)
    RCC_GetFlagStatus                        0x08000847   Thumb Code    56  stm32f10x_rcc.o(.text)
    RCC_WaitForHSEStartUp                    0x0800087f   Thumb Code    56  stm32f10x_rcc.o(.text)
    RCC_AdjustHSICalibrationValue            0x080008b7   Thumb Code    20  stm32f10x_rcc.o(.text)
    RCC_HSICmd                               0x080008cb   Thumb Code     6  stm32f10x_rcc.o(.text)
    RCC_PLLConfig                            0x080008d1   Thumb Code    24  stm32f10x_rcc.o(.text)
    RCC_PLLCmd                               0x080008e9   Thumb Code     6  stm32f10x_rcc.o(.text)
    RCC_SYSCLKConfig                         0x080008ef   Thumb Code    18  stm32f10x_rcc.o(.text)
    RCC_GetSYSCLKSource                      0x08000901   Thumb Code    10  stm32f10x_rcc.o(.text)
    RCC_HCLKConfig                           0x0800090b   Thumb Code    18  stm32f10x_rcc.o(.text)
    RCC_PCLK1Config                          0x0800091d   Thumb Code    18  stm32f10x_rcc.o(.text)
    RCC_PCLK2Config                          0x0800092f   Thumb Code    20  stm32f10x_rcc.o(.text)
    RCC_ITConfig                             0x08000943   Thumb Code    26  stm32f10x_rcc.o(.text)
    RCC_USBCLKConfig                         0x0800095d   Thumb Code     8  stm32f10x_rcc.o(.text)
    RCC_ADCCLKConfig                         0x08000965   Thumb Code    18  stm32f10x_rcc.o(.text)
    RCC_LSEConfig                            0x08000977   Thumb Code    50  stm32f10x_rcc.o(.text)
    RCC_LSICmd                               0x080009a9   Thumb Code     6  stm32f10x_rcc.o(.text)
    RCC_RTCCLKConfig                         0x080009af   Thumb Code    12  stm32f10x_rcc.o(.text)
    RCC_RTCCLKCmd                            0x080009bb   Thumb Code     8  stm32f10x_rcc.o(.text)
    RCC_GetClocksFreq                        0x080009c3   Thumb Code   192  stm32f10x_rcc.o(.text)
    RCC_AHBPeriphClockCmd                    0x08000a83   Thumb Code    26  stm32f10x_rcc.o(.text)
    RCC_APB2PeriphClockCmd                   0x08000a9d   Thumb Code    26  stm32f10x_rcc.o(.text)
    RCC_APB1PeriphClockCmd                   0x08000ab7   Thumb Code    26  stm32f10x_rcc.o(.text)
    RCC_APB2PeriphResetCmd                   0x08000ad1   Thumb Code    26  stm32f10x_rcc.o(.text)
    RCC_APB1PeriphResetCmd                   0x08000aeb   Thumb Code    26  stm32f10x_rcc.o(.text)
    RCC_BackupResetCmd                       0x08000b05   Thumb Code     8  stm32f10x_rcc.o(.text)
    RCC_ClockSecuritySystemCmd               0x08000b0d   Thumb Code     6  stm32f10x_rcc.o(.text)
    RCC_MCOConfig                            0x08000b13   Thumb Code     6  stm32f10x_rcc.o(.text)
    RCC_ClearFlag                            0x08000b19   Thumb Code    14  stm32f10x_rcc.o(.text)
    RCC_GetITStatus                          0x08000b27   Thumb Code    20  stm32f10x_rcc.o(.text)
    RCC_ClearITPendingBit                    0x08000b3b   Thumb Code     6  stm32f10x_rcc.o(.text)
    SPI_I2S_DeInit                           0x08000b65   Thumb Code    76  stm32f10x_spi.o(.text)
    SPI_Init                                 0x08000bb1   Thumb Code    60  stm32f10x_spi.o(.text)
    I2S_Init                                 0x08000bed   Thumb Code   226  stm32f10x_spi.o(.text)
    SPI_StructInit                           0x08000ccf   Thumb Code    24  stm32f10x_spi.o(.text)
    I2S_StructInit                           0x08000ce7   Thumb Code    20  stm32f10x_spi.o(.text)
    SPI_Cmd                                  0x08000cfb   Thumb Code    24  stm32f10x_spi.o(.text)
    I2S_Cmd                                  0x08000d13   Thumb Code    24  stm32f10x_spi.o(.text)
    SPI_I2S_ITConfig                         0x08000d2b   Thumb Code    32  stm32f10x_spi.o(.text)
    SPI_I2S_DMACmd                           0x08000d4b   Thumb Code    18  stm32f10x_spi.o(.text)
    SPI_I2S_SendData                         0x08000d5d   Thumb Code     4  stm32f10x_spi.o(.text)
    SPI_I2S_ReceiveData                      0x08000d61   Thumb Code     6  stm32f10x_spi.o(.text)
    SPI_NSSInternalSoftwareConfig            0x08000d67   Thumb Code    30  stm32f10x_spi.o(.text)
    SPI_SSOutputCmd                          0x08000d85   Thumb Code    24  stm32f10x_spi.o(.text)
    SPI_DataSizeConfig                       0x08000d9d   Thumb Code    18  stm32f10x_spi.o(.text)
    SPI_TransmitCRC                          0x08000daf   Thumb Code    10  stm32f10x_spi.o(.text)
    SPI_CalculateCRC                         0x08000db9   Thumb Code    24  stm32f10x_spi.o(.text)
    SPI_GetCRC                               0x08000dd1   Thumb Code    16  stm32f10x_spi.o(.text)
    SPI_GetCRCPolynomial                     0x08000de1   Thumb Code     6  stm32f10x_spi.o(.text)
    SPI_BiDirectionalLineConfig              0x08000de7   Thumb Code    28  stm32f10x_spi.o(.text)
    SPI_I2S_GetFlagStatus                    0x08000e03   Thumb Code    18  stm32f10x_spi.o(.text)
    SPI_I2S_ClearFlag                        0x08000e15   Thumb Code     6  stm32f10x_spi.o(.text)
    SPI_I2S_GetITStatus                      0x08000e1b   Thumb Code    52  stm32f10x_spi.o(.text)
    SPI_I2S_ClearITPendingBit                0x08000e4f   Thumb Code    20  stm32f10x_spi.o(.text)
    USART_DeInit                             0x08000e71   Thumb Code   134  stm32f10x_usart.o(.text)
    USART_Init                               0x08000ef7   Thumb Code   210  stm32f10x_usart.o(.text)
    USART_StructInit                         0x08000fc9   Thumb Code    24  stm32f10x_usart.o(.text)
    USART_ClockInit                          0x08000fe1   Thumb Code    34  stm32f10x_usart.o(.text)
    USART_ClockStructInit                    0x08001003   Thumb Code    12  stm32f10x_usart.o(.text)
    USART_Cmd                                0x0800100f   Thumb Code    24  stm32f10x_usart.o(.text)
    USART_ITConfig                           0x08001027   Thumb Code    74  stm32f10x_usart.o(.text)
    USART_DMACmd                             0x08001071   Thumb Code    18  stm32f10x_usart.o(.text)
    USART_SetAddress                         0x08001083   Thumb Code    18  stm32f10x_usart.o(.text)
    USART_WakeUpConfig                       0x08001095   Thumb Code    18  stm32f10x_usart.o(.text)
    USART_ReceiverWakeUpCmd                  0x080010a7   Thumb Code    24  stm32f10x_usart.o(.text)
    USART_LINBreakDetectLengthConfig         0x080010bf   Thumb Code    18  stm32f10x_usart.o(.text)
    USART_LINCmd                             0x080010d1   Thumb Code    24  stm32f10x_usart.o(.text)
    USART_SendData                           0x080010e9   Thumb Code     8  stm32f10x_usart.o(.text)
    USART_ReceiveData                        0x080010f1   Thumb Code    10  stm32f10x_usart.o(.text)
    USART_SendBreak                          0x080010fb   Thumb Code    10  stm32f10x_usart.o(.text)
    USART_SetGuardTime                       0x08001105   Thumb Code    16  stm32f10x_usart.o(.text)
    USART_SetPrescaler                       0x08001115   Thumb Code    16  stm32f10x_usart.o(.text)
    USART_SmartCardCmd                       0x08001125   Thumb Code    24  stm32f10x_usart.o(.text)
    USART_SmartCardNACKCmd                   0x0800113d   Thumb Code    24  stm32f10x_usart.o(.text)
    USART_HalfDuplexCmd                      0x08001155   Thumb Code    24  stm32f10x_usart.o(.text)
    USART_OverSampling8Cmd                   0x0800116d   Thumb Code    22  stm32f10x_usart.o(.text)
    USART_OneBitMethodCmd                    0x08001183   Thumb Code    24  stm32f10x_usart.o(.text)
    USART_IrDAConfig                         0x0800119b   Thumb Code    18  stm32f10x_usart.o(.text)
    USART_IrDACmd                            0x080011ad   Thumb Code    24  stm32f10x_usart.o(.text)
    USART_GetFlagStatus                      0x080011c5   Thumb Code    26  stm32f10x_usart.o(.text)
    USART_ClearFlag                          0x080011df   Thumb Code    18  stm32f10x_usart.o(.text)
    USART_GetITStatus                        0x080011f1   Thumb Code    84  stm32f10x_usart.o(.text)
    USART_ClearITPendingBit                  0x08001245   Thumb Code    52  stm32f10x_usart.o(.text)
    main                                     0x0800128b   Thumb Code   240  main.o(.text)
    NMI_Handler                              0x080015b9   Thumb Code     2  stm32f10x_it.o(.text)
    HardFault_Handler                        0x080015bb   Thumb Code     4  stm32f10x_it.o(.text)
    MemManage_Handler                        0x080015bf   Thumb Code     4  stm32f10x_it.o(.text)
    BusFault_Handler                         0x080015c3   Thumb Code     4  stm32f10x_it.o(.text)
    UsageFault_Handler                       0x080015c7   Thumb Code     4  stm32f10x_it.o(.text)
    SVC_Handler                              0x080015cb   Thumb Code     2  stm32f10x_it.o(.text)
    DebugMon_Handler                         0x080015cd   Thumb Code     2  stm32f10x_it.o(.text)
    PendSV_Handler                           0x080015cf   Thumb Code     2  stm32f10x_it.o(.text)
    SysTick_Handler                          0x080015d1   Thumb Code     2  stm32f10x_it.o(.text)
    EXTI0_IRQHandler                         0x080015d3   Thumb Code    36  stm32f10x_it.o(.text)
    KEY2_IRQHandler                          0x080015f7   Thumb Code    38  stm32f10x_it.o(.text)
    EXTI15_10_IRQHandler                     0x0800161d   Thumb Code    98  stm32f10x_it.o(.text)
    USART_Config                             0x080016b5   Thumb Code   120  bsp_usart.o(.text)
    fputc                                    0x0800172d   Thumb Code    32  bsp_usart.o(.text)
    fgetc                                    0x0800174d   Thumb Code    26  bsp_usart.o(.text)
    ILI9341_GramScan                         0x08001aad   Thumb Code   172  bsp_ili9341_lcd.o(.text)
    ILI9341_BackLed_Control                  0x08001b59   Thumb Code    60  bsp_ili9341_lcd.o(.text)
    ILI9341_Init                             0x08001b95   Thumb Code    26  bsp_ili9341_lcd.o(.text)
    ILI9341_OpenWindow                       0x08001baf   Thumb Code    96  bsp_ili9341_lcd.o(.text)
    ILI9341_Clear                            0x08001c43   Thumb Code    52  bsp_ili9341_lcd.o(.text)
    ILI9341_SetPointPixel                    0x08001c77   Thumb Code    42  bsp_ili9341_lcd.o(.text)
    ILI9341_GetPointPixel                    0x08001cd7   Thumb Code    24  bsp_ili9341_lcd.o(.text)
    ILI9341_DrawLine                         0x08001cef   Thumb Code   160  bsp_ili9341_lcd.o(.text)
    ILI9341_DrawRectangle                    0x08001d8f   Thumb Code   132  bsp_ili9341_lcd.o(.text)
    ILI9341_DrawCircle                       0x08001e13   Thumb Code   312  bsp_ili9341_lcd.o(.text)
    ILI9341_DispChar_EN                      0x08001f4b   Thumb Code   164  bsp_ili9341_lcd.o(.text)
    ILI9341_DispStringLine_EN                0x08001fef   Thumb Code    92  bsp_ili9341_lcd.o(.text)
    ILI9341_DispString_EN                    0x0800204b   Thumb Code    92  bsp_ili9341_lcd.o(.text)
    ILI9341_DispString_EN_YDir               0x080020a7   Thumb Code    92  bsp_ili9341_lcd.o(.text)
    ILI9341_DispChar_CH                      0x08002103   Thumb Code   122  bsp_ili9341_lcd.o(.text)
    ILI9341_DispString_CH                    0x0800217d   Thumb Code    86  bsp_ili9341_lcd.o(.text)
    ILI9341_DispStringLine_EN_CH             0x080021d3   Thumb Code   176  bsp_ili9341_lcd.o(.text)
    ILI9341_DispString_EN_CH                 0x08002283   Thumb Code   168  bsp_ili9341_lcd.o(.text)
    ILI9341_DispString_EN_CH_YDir            0x0800232b   Thumb Code   112  bsp_ili9341_lcd.o(.text)
    ILI9341_zoomChar                         0x0800239b   Thumb Code   472  bsp_ili9341_lcd.o(.text)
    ILI9341_DrawChar_Ex                      0x08002573   Thumb Code    92  bsp_ili9341_lcd.o(.text)
    ILI9341_DisplayStringEx                  0x080025cf   Thumb Code   228  bsp_ili9341_lcd.o(.text)
    ILI9341_DisplayEx                        0x080026b3   Thumb Code   228  bsp_ili9341_lcd.o(.text)
    ILI9341_DisplayStringEx_YDir             0x08002797   Thumb Code   280  bsp_ili9341_lcd.o(.text)
    LCD_SetFont                              0x080028af   Thumb Code     6  bsp_ili9341_lcd.o(.text)
    LCD_GetFont                              0x080028b5   Thumb Code     6  bsp_ili9341_lcd.o(.text)
    LCD_SetColors                            0x080028bb   Thumb Code    10  bsp_ili9341_lcd.o(.text)
    LCD_GetColors                            0x080028c5   Thumb Code    14  bsp_ili9341_lcd.o(.text)
    LCD_SetTextColor                         0x080028d3   Thumb Code     6  bsp_ili9341_lcd.o(.text)
    LCD_SetBackColor                         0x080028d9   Thumb Code     6  bsp_ili9341_lcd.o(.text)
    LCD_ClearLine                            0x080028df   Thumb Code    26  bsp_ili9341_lcd.o(.text)
    GetUTF8Code_from_sd                      0x0800290d   Thumb Code   112  fonts.o(.text)
    SD_DeInit                                0x080029c1   Thumb Code    92  bsp_spi_sdcard.o(.text)
    SD_WriteByte                             0x08002acd   Thumb Code    50  bsp_spi_sdcard.o(.text)
    SD_ReadByte                              0x08002aff   Thumb Code    52  bsp_spi_sdcard.o(.text)
    SD_GetResponse                           0x08002b33   Thumb Code    34  bsp_spi_sdcard.o(.text)
    SD_SendCmd                               0x08002b55   Thumb Code    70  bsp_spi_sdcard.o(.text)
    SD_GetCIDRegister                        0x08002b9b   Thumb Code   260  bsp_spi_sdcard.o(.text)
    SD_GetCSDRegister                        0x08002c9f   Thumb Code   572  bsp_spi_sdcard.o(.text)
    SD_GetCardInfo                           0x08002edb   Thumb Code   170  bsp_spi_sdcard.o(.text)
    SD_GetCardType                           0x08002f85   Thumb Code   380  bsp_spi_sdcard.o(.text)
    SD_GoIdleState                           0x08003101   Thumb Code    54  bsp_spi_sdcard.o(.text)
    SD_Init                                  0x08003137   Thumb Code    78  bsp_spi_sdcard.o(.text)
    SD_Detect                                0x08003185   Thumb Code    12  bsp_spi_sdcard.o(.text)
    SD_ReadBlock                             0x08003191   Thumb Code   148  bsp_spi_sdcard.o(.text)
    SD_ReadMultiBlocks                       0x08003225   Thumb Code   174  bsp_spi_sdcard.o(.text)
    SD_GetDataResponse                       0x080032d3   Thumb Code    76  bsp_spi_sdcard.o(.text)
    SD_WriteBlock                            0x0800331f   Thumb Code   148  bsp_spi_sdcard.o(.text)
    SD_WriteMultiBlocks                      0x080033b3   Thumb Code   186  bsp_spi_sdcard.o(.text)
    SD_GetStatus                             0x0800346d   Thumb Code    58  bsp_spi_sdcard.o(.text)
    KEY_Init                                 0x080034b1   Thumb Code   130  bsp_key.o(.text)
    Key_Scan                                 0x08003533   Thumb Code   386  bsp_key.o(.text)
    Key_Scan2                                0x080036b5   Thumb Code   368  bsp_key.o(.text)
    keyHandler                               0x08003825   Thumb Code   946  bsp_key.o(.text)
    showCursor                               0x08003bd7   Thumb Code   202  bsp_key.o(.text)
    getValueByKey                            0x08003d09   Thumb Code    76  code.o(.text)
    GetHangulCode_from_sd                    0x08003d55   Thumb Code   140  code.o(.text)
    utf_to_unicode                           0x08003de1   Thumb Code   218  code.o(.text)
    UnicodeToUtf8                            0x08003ebb   Thumb Code    30  code.o(.text)
    toBigEndian                              0x08003ed9   Thumb Code   404  code.o(.text)
    disk_status                              0x080041c5   Thumb Code    28  diskio.o(.text)
    disk_initialize                          0x080041e1   Thumb Code    42  diskio.o(.text)
    disk_read                                0x0800420b   Thumb Code    86  diskio.o(.text)
    disk_write                               0x08004261   Thumb Code    92  diskio.o(.text)
    disk_ioctl                               0x080042bd   Thumb Code   102  diskio.o(.text)
    get_fattime                              0x08004323   Thumb Code     4  diskio.o(.text)
    clust2sect                               0x080044e7   Thumb Code    26  ff.o(.text)
    get_fat                                  0x08004501   Thumb Code   318  ff.o(.text)
    put_fat                                  0x0800463f   Thumb Code   392  ff.o(.text)
    f_mount                                  0x08005a41   Thumb Code    86  ff.o(.text)
    f_open                                   0x08005a97   Thumb Code   382  ff.o(.text)
    f_read                                   0x08005c15   Thumb Code   480  ff.o(.text)
    f_write                                  0x08005df5   Thumb Code   524  ff.o(.text)
    f_sync                                   0x08006001   Thumb Code   176  ff.o(.text)
    f_close                                  0x080060b1   Thumb Code    32  ff.o(.text)
    f_lseek                                  0x080060d1   Thumb Code   410  ff.o(.text)
    f_opendir                                0x0800626b   Thumb Code   118  ff.o(.text)
    f_closedir                               0x080062e1   Thumb Code    22  ff.o(.text)
    f_readdir                                0x080062f7   Thumb Code   100  ff.o(.text)
    f_stat                                   0x0800635b   Thumb Code    68  ff.o(.text)
    f_getfree                                0x0800639f   Thumb Code   258  ff.o(.text)
    f_truncate                               0x080064a1   Thumb Code   184  ff.o(.text)
    f_unlink                                 0x08006559   Thumb Code   174  ff.o(.text)
    f_mkdir                                  0x08006607   Thumb Code   358  ff.o(.text)
    f_chmod                                  0x0800676d   Thumb Code    92  ff.o(.text)
    f_rename                                 0x080067c9   Thumb Code   266  ff.o(.text)
    f_utime                                  0x080068d3   Thumb Code    94  ff.o(.text)
    f_mkfs                                   0x08006931   Thumb Code  1622  ff.o(.text)
    f_gets                                   0x08006f87   Thumb Code    82  ff.o(.text)
    f_putc                                   0x0800701d   Thumb Code    64  ff.o(.text)
    f_puts                                   0x0800705d   Thumb Code    74  ff.o(.text)
    f_printf                                 0x080070a7   Thumb Code   674  ff.o(.text)
    ff_convert                               0x08007349   Thumb Code   116  cc936.o(.text)
    ff_wtoupper                              0x080073bd   Thumb Code    84  cc936.o(.text)
    __aeabi_uldivmod                         0x08007421   Thumb Code    98  uldiv.o(.text)
    __aeabi_llsl                             0x08007483   Thumb Code    30  llshl.o(.text)
    _ll_shift_l                              0x08007483   Thumb Code     0  llshl.o(.text)
    __aeabi_llsr                             0x080074a1   Thumb Code    32  llushr.o(.text)
    _ll_ushift_r                             0x080074a1   Thumb Code     0  llushr.o(.text)
    __scatterload                            0x080074c1   Thumb Code    28  init.o(.text)
    __scatterload_rt2                        0x080074c1   Thumb Code     0  init.o(.text)
    ILI9341_Read_Data                        0x080074e5   Thumb Code    78  bsp_ili9341_lcd.o(i.ILI9341_Read_Data)
    ILI9341_Write_Cmd                        0x0800753d   Thumb Code    30  bsp_ili9341_lcd.o(i.ILI9341_Write_Cmd)
    ILI9341_Write_Data                       0x08007565   Thumb Code    30  bsp_ili9341_lcd.o(i.ILI9341_Write_Data)
    __0printf$5                              0x0800758d   Thumb Code    22  printf5.o(i.__0printf$5)
    __1printf$5                              0x0800758d   Thumb Code     0  printf5.o(i.__0printf$5)
    __2printf                                0x0800758d   Thumb Code     0  printf5.o(i.__0printf$5)
    __scatterload_copy                       0x080075ad   Thumb Code    14  handlers.o(i.__scatterload_copy)
    __scatterload_null                       0x080075bb   Thumb Code     2  handlers.o(i.__scatterload_null)
    __scatterload_zeroinit                   0x080075bd   Thumb Code    14  handlers.o(i.__scatterload_zeroinit)
    malloc                                   0x0800788d   Thumb Code    92  malloc.o(i.malloc)
    ASCII8x16_Table                          0x080078f8   Data        1520  fonts.o(.constdata)
    ASCII16x24_Table                         0x08007ee8   Data        4560  fonts.o(.constdata)
    ASCII24x32_Table                         0x080090b8   Data        9120  fonts.o(.constdata)
    Region$$Table$$Base                      0x08036554   Number         0  anon$$obj.o(Region$$Table)
    Region$$Table$$Limit                     0x08036574   Number         0  anon$$obj.o(Region$$Table)
    SystemCoreClock                          0x20000000   Data           4  system_stm32f10x.o(.data)
    AHBPrescTable                            0x20000004   Data          16  system_stm32f10x.o(.data)
    key                                      0x20000038   Data           4  main.o(.data)
    key2                                     0x2000003c   Data           4  main.o(.data)
    charater_matrix                          0x20000040   Data          32  main.o(.data)
    LCD_X_LENGTH                             0x20000064   Data           2  bsp_ili9341_lcd.o(.data)
    LCD_Y_LENGTH                             0x20000066   Data           2  bsp_ili9341_lcd.o(.data)
    LCD_SCAN_MODE                            0x20000068   Data           1  bsp_ili9341_lcd.o(.data)
    Font8x16                                 0x20000074   Data           8  fonts.o(.data)
    Font16x24                                0x2000007c   Data           8  fonts.o(.data)
    Font24x32                                0x20000084   Data           8  fonts.o(.data)
    SD_Type                                  0x20000095   Data           1  bsp_spi_sdcard.o(.data)
    __stdout                                 0x200000bc   Data           4  stdout.o(.data)
    __microlib_freelist                      0x200000c0   Data           4  mvars.o(.data)
    __microlib_freelist_initialised          0x200000c4   Data           4  mvars.o(.data)
    zoomBuff                                 0x200000c8   Data       16384  bsp_ili9341_lcd.o(.bss)
    zoomTempBuff                             0x200040c8   Data        1024  bsp_ili9341_lcd.o(.bss)
    SDCardInfo                               0x20006520   Data          88  bsp_spi_sdcard.o(.bss)
    __heap_base                              0x200085d0   Data           0  startup_stm32f10x_hd.o(HEAP)
    __heap_limit                             0x200089d0   Data           0  startup_stm32f10x_hd.o(HEAP)
    __initial_sp                             0x20008dd0   Data           0  startup_stm32f10x_hd.o(STACK)



==============================================================================

Memory Map of the image

  Image Entry point : 0x08000131

  Load Region LR_IROM1 (Base: 0x08000000, Size: 0x0003663c, Max: 0x00040000, ABSOLUTE)

    Execution Region ER_IROM1 (Exec base: 0x08000000, Load base: 0x08000000, Size: 0x00036574, Max: 0x00040000, ABSOLUTE)

    Exec Addr    Load Addr    Size         Type   Attr      Idx    E Section Name        Object

    0x08000000   0x08000000   0x00000130   Data   RO            3    RESET               startup_stm32f10x_hd.o
    0x08000130   0x08000130   0x00000000   Code   RO          723  * .ARM.Collect$$$$00000000  mc_w.l(entry.o)
    0x08000130   0x08000130   0x00000004   Code   RO         1017    .ARM.Collect$$$$00000001  mc_w.l(entry2.o)
    0x08000134   0x08000134   0x00000004   Code   RO         1020    .ARM.Collect$$$$00000004  mc_w.l(entry5.o)
    0x08000138   0x08000138   0x00000000   Code   RO         1022    .ARM.Collect$$$$00000008  mc_w.l(entry7b.o)
    0x08000138   0x08000138   0x00000000   Code   RO         1024    .ARM.Collect$$$$0000000A  mc_w.l(entry8b.o)
    0x08000138   0x08000138   0x00000008   Code   RO         1025    .ARM.Collect$$$$0000000B  mc_w.l(entry9a.o)
    0x08000140   0x08000140   0x00000000   Code   RO         1027    .ARM.Collect$$$$0000000D  mc_w.l(entry10a.o)
    0x08000140   0x08000140   0x00000000   Code   RO         1029    .ARM.Collect$$$$0000000F  mc_w.l(entry11a.o)
    0x08000140   0x08000140   0x00000004   Code   RO         1018    .ARM.Collect$$$$00002712  mc_w.l(entry2.o)
    0x08000144   0x08000144   0x00000024   Code   RO            4    .text               startup_stm32f10x_hd.o
    0x08000168   0x08000168   0x000001e0   Code   RO           24    .text               system_stm32f10x.o
    0x08000348   0x08000348   0x0000011c   Code   RO          233    .text               stm32f10x_exti.o
    0x08000464   0x08000464   0x0000035c   Code   RO          269    .text               stm32f10x_gpio.o
    0x080007c0   0x080007c0   0x000003a4   Code   RO          317    .text               stm32f10x_rcc.o
    0x08000b64   0x08000b64   0x0000030c   Code   RO          355    .text               stm32f10x_spi.o
    0x08000e70   0x08000e70   0x00000408   Code   RO          379    .text               stm32f10x_usart.o
    0x08001278   0x08001278   0x00000340   Code   RO          403    .text               main.o
    0x080015b8   0x080015b8   0x000000fc   Code   RO          451    .text               stm32f10x_it.o
    0x080016b4   0x080016b4   0x000000bc   Code   RO          483    .text               bsp_usart.o
    0x08001770   0x08001770   0x0000119c   Code   RO          495    .text               bsp_ili9341_lcd.o
    0x0800290c   0x0800290c   0x000000b4   Code   RO          535    .text               fonts.o
    0x080029c0   0x080029c0   0x00000af0   Code   RO          581    .text               bsp_spi_sdcard.o
    0x080034b0   0x080034b0   0x00000858   Code   RO          612    .text               bsp_key.o
    0x08003d08   0x08003d08   0x000004bc   Code   RO          626    .text               code.o
    0x080041c4   0x080041c4   0x0000016c   Code   RO          654    .text               diskio.o
    0x08004330   0x08004330   0x00003018   Code   RO          676    .text               ff.o
    0x08007348   0x08007348   0x000000d8   Code   RO          700    .text               cc936.o
    0x08007420   0x08007420   0x00000062   Code   RO          726    .text               mc_w.l(uldiv.o)
    0x08007482   0x08007482   0x0000001e   Code   RO         1034    .text               mc_w.l(llshl.o)
    0x080074a0   0x080074a0   0x00000020   Code   RO         1036    .text               mc_w.l(llushr.o)
    0x080074c0   0x080074c0   0x00000024   Code   RO         1055    .text               mc_w.l(init.o)
    0x080074e4   0x080074e4   0x00000058   Code   RO          520    i.ILI9341_Read_Data  bsp_ili9341_lcd.o
    0x0800753c   0x0800753c   0x00000028   Code   RO          508    i.ILI9341_Write_Cmd  bsp_ili9341_lcd.o
    0x08007564   0x08007564   0x00000028   Code   RO          514    i.ILI9341_Write_Data  bsp_ili9341_lcd.o
    0x0800758c   0x0800758c   0x00000020   Code   RO          861    i.__0printf$5       mc_w.l(printf5.o)
    0x080075ac   0x080075ac   0x0000000e   Code   RO         1063    i.__scatterload_copy  mc_w.l(handlers.o)
    0x080075ba   0x080075ba   0x00000002   Code   RO         1064    i.__scatterload_null  mc_w.l(handlers.o)
    0x080075bc   0x080075bc   0x0000000e   Code   RO         1065    i.__scatterload_zeroinit  mc_w.l(handlers.o)
    0x080075ca   0x080075ca   0x00000002   PAD
    0x080075cc   0x080075cc   0x000002c0   Code   RO          868    i._printf_core      mc_w.l(printf5.o)
    0x0800788c   0x0800788c   0x0000006c   Code   RO          990    i.malloc            mc_w.l(malloc.o)
    0x080078f8   0x080078f8   0x00003b60   Data   RO          537    .constdata          fonts.o
    0x0800b458   0x0800b458   0x0000003a   Data   RO          677    .constdata          ff.o
    0x0800b492   0x0800b492   0x0002b0c0   Data   RO          701    .constdata          cc936.o
    0x08036552   0x08036552   0x00000002   PAD
    0x08036554   0x08036554   0x00000020   Data   RO         1061    Region$$Table       anon$$obj.o


    Execution Region RW_IRAM1 (Exec base: 0x20000000, Load base: 0x08036574, Size: 0x00008dd0, Max: 0x0000c000, ABSOLUTE)

    Exec Addr    Load Addr    Size         Type   Attr      Idx    E Section Name        Object

    0x20000000   0x08036574   0x00000014   Data   RW           25    .data               system_stm32f10x.o
    0x20000014   0x08036588   0x00000014   Data   RW          318    .data               stm32f10x_rcc.o
    0x20000028   0x0803659c   0x00000039   Data   RW          404    .data               main.o
    0x20000061   0x080365d5   0x00000001   Data   RW          452    .data               stm32f10x_it.o
    0x20000062   0x080365d6   0x00000002   PAD
    0x20000064   0x080365d8   0x00000010   Data   RW          497    .data               bsp_ili9341_lcd.o
    0x20000074   0x080365e8   0x00000021   Data   RW          538    .data               fonts.o
    0x20000095   0x08036609   0x00000001   Data   RW          583    .data               bsp_spi_sdcard.o
    0x20000096   0x0803660a   0x00000002   PAD
    0x20000098   0x0803660c   0x00000009   Data   RW          613    .data               bsp_key.o
    0x200000a1   0x08036615   0x00000003   PAD
    0x200000a4   0x08036618   0x00000009   Data   RW          628    .data               code.o
    0x200000ad   0x08036621   0x00000003   PAD
    0x200000b0   0x08036624   0x0000000a   Data   RW          678    .data               ff.o
    0x200000ba   0x0803662e   0x00000002   PAD
    0x200000bc   0x08036630   0x00000004   Data   RW         1031    .data               mc_w.l(stdout.o)
    0x200000c0   0x08036634   0x00000004   Data   RW         1042    .data               mc_w.l(mvars.o)
    0x200000c4   0x08036638   0x00000004   Data   RW         1043    .data               mc_w.l(mvars.o)
    0x200000c8        -       0x00004400   Zero   RW          496    .bss                bsp_ili9341_lcd.o
    0x200044c8        -       0x00002054   Zero   RW          536    .bss                fonts.o
    0x2000651c   0x0803663c   0x00000004   PAD
    0x20006520        -       0x00000058   Zero   RW          582    .bss                bsp_spi_sdcard.o
    0x20006578        -       0x00002054   Zero   RW          627    .bss                code.o
    0x200085cc   0x0803663c   0x00000004   PAD
    0x200085d0        -       0x00000400   Zero   RW            2    HEAP                startup_stm32f10x_hd.o
    0x200089d0        -       0x00000400   Zero   RW            1    STACK               startup_stm32f10x_hd.o


==============================================================================

Image component sizes


      Code (inc. data)   RO Data    RW Data    ZI Data      Debug   Object Name

      4676        232          0         16      17408      16381   bsp_ili9341_lcd.o
      2136        202          0          9          0       2832   bsp_key.o
      2800         36          0          1         88      11153   bsp_spi_sdcard.o
       188         10          0          0          0       1007   bsp_usart.o
       216         16     176320          0          0       2237   cc936.o
      1212        344          0          9       8276       3355   code.o
         0          0          0          0          0       4508   core_cm3.o
       364         10          0          0          0       7591   diskio.o
     12312        122         58         10          0      35784   ff.o
       180         68      15200         33       8276       5515   fonts.o
       832        124          0         57          0       2777   main.o
        36          8        304          0       2048        852   startup_stm32f10x_hd.o
       284         10          0          0          0       2251   stm32f10x_exti.o
       860         38          0          0          0       5725   stm32f10x_gpio.o
       252         36          0          1          0       3520   stm32f10x_it.o
       932         36          0         20          0       8892   stm32f10x_rcc.o
       780         14          0          0          0       6610   stm32f10x_spi.o
      1032         22          0          0          0       8452   stm32f10x_usart.o
       480         38          0         20          0     237239   system_stm32f10x.o

    ----------------------------------------------------------------------
     29572       1366     191916        188      36104     366681   Object Totals
         0          0         32          0          0          0   (incl. Generated)
         0          0          2         12          8          0   (incl. Padding)

    ----------------------------------------------------------------------

      Code (inc. data)   RO Data    RW Data    ZI Data      Debug   Library Member Name

         0          0          0          0          0          0   entry.o
         0          0          0          0          0          0   entry10a.o
         0          0          0          0          0          0   entry11a.o
         8          4          0          0          0          0   entry2.o
         4          0          0          0          0          0   entry5.o
         0          0          0          0          0          0   entry7b.o
         0          0          0          0          0          0   entry8b.o
         8          4          0          0          0          0   entry9a.o
        30          0          0          0          0          0   handlers.o
        36          8          0          0          0         68   init.o
        30          0          0          0          0         68   llshl.o
        32          0          0          0          0         68   llushr.o
       108         16          0          0          0         84   malloc.o
         0          0          0          8          0          0   mvars.o
       736         56          0          0          0        184   printf5.o
         0          0          0          4          0          0   stdout.o
        98          0          0          0          0         92   uldiv.o

    ----------------------------------------------------------------------
      1092         88          0         12          0        564   Library Totals
         2          0          0          0          0          0   (incl. Padding)

    ----------------------------------------------------------------------

      Code (inc. data)   RO Data    RW Data    ZI Data      Debug   Library Name

      1090         88          0         12          0        564   mc_w.l

    ----------------------------------------------------------------------
      1092         88          0         12          0        564   Library Totals

    ----------------------------------------------------------------------

==============================================================================


      Code (inc. data)   RO Data    RW Data    ZI Data      Debug   

     30664       1454     191916        200      36104     365525   Grand Totals
     30664       1454     191916        200      36104     365525   ELF Image Totals
     30664       1454     191916        200          0          0   ROM Totals

==============================================================================

    Total RO  Size (Code + RO Data)               222580 ( 217.36kB)
    Total RW  Size (RW Data + ZI Data)             36304 (  35.45kB)
    Total ROM Size (Code + RO Data + RW Data)     222780 ( 217.56kB)

==============================================================================

